{"ts": "2026-10-03T22:07:40.940860+00:00", "level": "INFO", "logger": "docuaction", "message": "Loaded: core", "git_sha": "unknown", "build_time": "unknown", "version": "6.0.0", "environment": "unknown"}
{"ts": "2026-10-03T22:07:41.059168+00:00", "level": "INFO", "logger": "docuaction", "message": "Loaded: azure-auth", "git_sha": "unknown", "build_time": "unknown", "version": "6.0.0", "environment": "unknown"}
{"ts": "2026-10-03T22:07:41.060755+00:00", "level": "INFO", "logger": "docuaction", "message": "Loaded: auth-refresh", "git_sha": "unknown", "build_time": "unknown", "version": "6.0.0", "environment": "unknown"}
{"ts": "2026-10-03T22:07:41.068872+00:00", "level": "INFO", "logger": "docuaction", "message": "Loaded: audio", "git_sha": "unknown", "build_time": "unknown", "version": "6.0.0", "environment": "unknown"}
{"ts": "2026-10-03T22:07:41.082319+00:00", "level": "INFO", "logger": "docuaction", "message": "Loaded: admin-users", "git_sha": "unknown", "build_time": "unknown", "version": "6.0.0", "environment": "unknown"}
{"ts": "2026-10-03T22:07:41.093109+00:00", "level": "INFO", "logger": "docuaction", "message": "Loaded: enterprise", "git_sha": "unknown", "build_time": "unknown", "version": "6.0.0", "environment": "unknown"}
{"ts": "2026-10-03T22:07:41.097803+00:00", "level": "INFO", "logger": "docuaction", "message": "Loaded: validation", "git_sha": "unknown", "build_time": "unknown", "version": "6.0.0", "environment": "unknown"}
{"ts": "2026-10-03T22:07:41.105032+00:00", "level": "INFO", "logger": "docuaction", "message": "Loaded: decision-intel", "git_sha": "unknown", "build_time": "unknown", "version": "6.0.0", "environment": "unknown"}
{"ts": "2026-10-03T22:07:41.107259+00:00", "level": "INFO", "logger": "docuaction", "message": "Loaded: intelligence", "git_sha": "unknown", "build_time": "unknown", "version": "6.0.0", "environment": "unknown"}
{"ts": "2026-10-03T22:07:41.108759+00:00", "level": "INFO", "logger": "docuaction", "message": "Loaded: export", "git_sha": "unknown", "build_time": "unknown", "version": "6.0.0", "environment": "unknown"}
{"ts": "2026-10-03T22:07:41.113066+00:00", "level": "INFO", "logger": "docuaction", "message": "Loaded: templates", "git_sha": "unknown", "build_time": "unknown", "version": "6.0.0", "environment": "unknown"}
{"ts": "2026-10-03T22:07:41.116882+00:00", "level": "INFO", "logger": "docuaction", "message": "Loaded: meetings", "git_sha": "unknown", "build_time": "unknown", "version": "6.0.0", "environment": "unknown"}
{"ts": "2026-10-03T22:07:41.116999+00:00", "level": "INFO", "logger": "docuaction", "message": "Loaded: password", "git_sha": "unknown", "build_time": "unknown", "version": "6.0.0", "environment": "unknown"}
{"ts": "2026-10-03T22:07:41.119800+00:00", "level": "INFO", "logger": "docuaction", "message": "Loaded: plans", "git_sha": "unknown", "build_time": "unknown", "version": "6.0.0", "environment": "unknown"}
{"ts": "2026-10-03T22:07:41.126888+00:00", "level": "INFO", "logger": "docuaction", "message": "Loaded: sla", "git_sha": "unknown", "build_time": "unknown", "version": "6.0.0", "environment": "unknown"}
{"ts": "2026-10-03T22:07:41.133461+00:00", "level": "INFO", "logger": "docuaction", "message": "Loaded: healthcare-claims", "git_sha": "unknown", "build_time": "unknown", "version": "6.0.0", "environment": "unknown"}
{"ts": "2026-10-03T22:07:41.139575+00:00", "level": "INFO", "logger": "docuaction", "message": "Loaded: wow-features", "git_sha": "unknown", "build_time": "unknown", "version": "6.0.0", "environment": "unknown"}
{"ts": "2026-10-03T22:07:41.152746+00:00", "level": "INFO", "logger": "docuaction", "message": "Loaded: migration", "git_sha": "unknown", "build_time": "unknown", "version": "6.0.0", "environment": "unknown"}
{"ts": "2026-10-03T22:07:41.356246+00:00", "level": "INFO", "logger": "docuaction", "message": "Loaded: tefca-review-protocol + dashboard (REQUIRED — unconditional registration)", "git_sha": "unknown", "build_time": "unknown", "version": "6.0.0", "environment": "unknown"}
{"ts": "2026-10-03T22:07:41.433811+00:00", "level": "INFO", "logger": "docuaction", "message": "Loaded: tefca-arc-review (Tasks 3-5 — /api/tefca/review-rules, /samples, /reviews, /reports)", "git_sha": "unknown", "build_time": "unknown", "version": "6.0.0", "environment": "unknown"}
{"ts": "2026-10-03T22:07:41.434014+00:00", "level": "INFO", "logger": "docuaction", "message": "Loaded: tefca-registry (Phase 2A — /api/tefca/registry/*)", "git_sha": "unknown", "build_time": "unknown", "version": "6.0.0", "environment": "unknown"}
{"ts": "2026-10-03T22:07:41.439054+00:00", "level": "INFO", "logger": "docuaction", "message": "Loaded: usps-metrics", "git_sha": "unknown", "build_time": "unknown", "version": "6.0.0", "environment": "unknown"}
{"ts": "2026-10-03T22:07:41.457236+00:00", "level": "INFO", "logger": "docuaction", "message": "Loaded: tefca-rce-pipeline", "git_sha": "unknown", "build_time": "unknown", "version": "6.0.0", "environment": "unknown"}
{"ts": "2026-10-03T22:07:41.542669+00:00", "level": "INFO", "logger": "docuaction", "message": "Loaded: tefca-rce-deliveries", "git_sha": "unknown", "build_time": "unknown", "version": "6.0.0", "environment": "unknown"}
{"ts": "2026-10-03T22:07:41.564322+00:00", "level": "INFO", "logger": "docuaction", "message": "Loaded: tefca-rce-iqvia", "git_sha": "unknown", "build_time": "unknown", "version": "6.0.0", "environment": "unknown"}
{"ts": "2026-10-03T22:07:41.565394+00:00", "level": "INFO", "logger": "docuaction", "message": "Loaded: tefca-rce-admin-restore", "git_sha": "unknown", "build_time": "unknown", "version": "6.0.0", "environment": "unknown"}
{"ts": "2026-10-03T22:07:41.588191+00:00", "level": "INFO", "logger": "docuaction", "message": "Loaded: tefca-rce-preflight-shadow", "git_sha": "unknown", "build_time": "unknown", "version": "6.0.0", "environment": "unknown"}
{"ts": "2026-10-03T22:07:41.598175+00:00", "level": "INFO", "logger": "docuaction", "message": "Loaded: tefca-arc-workflow", "git_sha": "unknown", "build_time": "unknown", "version": "6.0.0", "environment": "unknown"}
{"ts": "2026-10-03T22:07:41.618883+00:00", "level": "INFO", "logger": "docuaction", "message": "Loaded: reports (CANONICAL — /api/reports/*, unconditional registration)", "git_sha": "unknown", "build_time": "unknown", "version": "6.0.0", "environment": "unknown"}
{"ts": "2026-10-03T22:07:41.658850+00:00", "level": "INFO", "logger": "docuaction", "message": "Loaded: learning-center (/api/learning/*) + tefca-methodology", "git_sha": "unknown", "build_time": "unknown", "version": "6.0.0", "environment": "unknown"}
{"ts": "2026-10-03T22:07:41.686291+00:00", "level": "INFO", "logger": "docuaction", "message": "Loaded: case-management", "git_sha": "unknown", "build_time": "unknown", "version": "6.0.0", "environment": "unknown"}
{"ts": "2026-10-03T22:07:41.795951+00:00", "level": "INFO", "logger": "app.bulletin_intelligence.engine", "message": "Extended feeds merged: +25 official, +313 outlet", "git_sha": "unknown", "build_time": "unknown", "version": "6.0.0", "environment": "unknown"}
{"ts": "2026-10-03T22:07:41.798583+00:00", "level": "INFO", "logger": "app.bulletin_intelligence.engine", "message": "Bulletin: registered agency Federal Communications Commission", "git_sha": "unknown", "build_time": "unknown", "version": "6.0.0", "environment": "unknown"}
{"ts": "2026-10-03T22:07:41.827015+00:00", "level": "INFO", "logger": "docuaction", "message": "Loaded: bulletin-intelligence", "git_sha": "unknown", "build_time": "unknown", "version": "6.0.0", "environment": "unknown"}
{"ts": "2026-10-03T22:07:41.942769+00:00", "level": "INFO", "logger": "docuaction", "message": "Loaded: bulletin-downloads", "git_sha": "unknown", "build_time": "unknown", "version": "6.0.0", "environment": "unknown"}
{"ts": "2026-10-03T22:07:41.942860+00:00", "level": "INFO", "logger": "docuaction", "message": "DocuAction AI v6.0.0 ready — TEFCA + Bulletin Intelligence + All Modules registered", "git_sha": "unknown", "build_time": "unknown", "version": "6.0.0", "environment": "unknown"}
INFO:     Started server process [29908]
INFO:     Waiting for application startup.
{"ts": "2026-10-03T22:07:42.002787+00:00", "level": "INFO", "logger": "docuaction.database", "message": "Creating DB engine: postgresql+asyncpg host=127.0.0.1 port=5499 db=test_rollback_compat_1004", "git_sha": "unknown", "build_time": "unknown", "version": "6.0.0", "environment": "unknown"}
{"ts": "2026-10-03T22:07:42.256808+00:00", "level": "INFO", "logger": "docuaction", "message": "DB schema verified (tables + all users columns; existing users grandfathered)", "git_sha": "unknown", "build_time": "unknown", "version": "6.0.0", "environment": "unknown"}
{"ts": "2026-10-03T22:07:43.933625+00:00", "level": "INFO", "logger": "docuaction", "message": "TEFCA QA readiness: ready=False score=80.0 database=ok, auth=ok, scheduler=FAIL, required_config=ok, reporting_dependencies=ok", "git_sha": "unknown", "build_time": "unknown", "version": "6.0.0", "environment": "unknown"}
{"ts": "2026-10-03T22:07:43.934142+00:00", "level": "INFO", "logger": "docuaction", "message": "TEFCA QA golden regression: 8/8 passed (no drift)", "git_sha": "unknown", "build_time": "unknown", "version": "6.0.0", "environment": "unknown"}
{"ts": "2026-10-03T22:07:43.937653+00:00", "level": "INFO", "logger": "docuaction.tefca.qa.monitor", "message": "QA monitor DISABLED (set ENABLE_QA_MONITOR=true to enable)", "git_sha": "unknown", "build_time": "unknown", "version": "6.0.0", "environment": "unknown"}
{"ts": "2026-10-03T22:07:44.042059+00:00", "level": "INFO", "logger": "docuaction.bulletin.store", "message": "Bulletin store ready (Postgres) on attempt 1", "git_sha": "unknown", "build_time": "unknown", "version": "6.0.0", "environment": "unknown"}
{"ts": "2026-10-03T22:07:44.052812+00:00", "level": "INFO", "logger": "app.bulletin_intelligence.engine", "message": "Bulletin hydrate: 0 articles, 0 briefings restored", "git_sha": "unknown", "build_time": "unknown", "version": "6.0.0", "environment": "unknown"}
{"ts": "2026-10-03T22:07:44.052941+00:00", "level": "INFO", "logger": "docuaction", "message": "Bulletin scheduler DISABLED (set ENABLE_SCHEDULER=true to enable)", "git_sha": "unknown", "build_time": "unknown", "version": "6.0.0", "environment": "unknown"}
{"ts": "2026-10-03T22:07:44.901286+00:00", "level": "INFO", "logger": "app.Tefca.ppef_scheduler", "message": "PPEF scheduler started — poller 20s, reaper 60s, stale threshold 300s", "git_sha": "unknown", "build_time": "unknown", "version": "6.0.0", "environment": "unknown"}
{"ts": "2026-10-03T22:07:44.905811+00:00", "level": "INFO", "logger": "app.reports.export_scheduler", "message": "export scheduler started — poller 5s, reaper 120s", "git_sha": "unknown", "build_time": "unknown", "version": "6.0.0", "environment": "unknown"}
{"ts": "2026-10-03T22:07:44.915048+00:00", "level": "INFO", "logger": "app.tefca_registry.rce.delivery_scheduler", "message": "delivery scheduler started — poller 5s, reaper 120s", "git_sha": "unknown", "build_time": "unknown", "version": "6.0.0", "environment": "unknown"}
{"ts": "2026-10-03T22:07:44.918448+00:00", "level": "INFO", "logger": "app.tefca_registry.rce.iqvia_import_scheduler", "message": "IQVIA import scheduler started -- poller 5s, reaper 60s", "git_sha": "unknown", "build_time": "unknown", "version": "6.0.0", "environment": "unknown"}
{"ts": "2026-10-03T22:07:45.204832+00:00", "level": "WARNING", "logger": "app.core.vocabulary_contract", "message": "rule condition not ready: RULE-001 none_of npi_validation=flagged -> VALUE_PARTIALLY_REACHABLE ('flagged' is emitted on ['rce'] but NOT on ['registry']; this condition is dead on ['registry'] (D6))", "git_sha": "unknown", "build_time": "unknown", "version": "6.0.0", "environment": "unknown"}
{"ts": "2026-10-03T22:07:45.204947+00:00", "level": "WARNING", "logger": "app.core.vocabulary_contract", "message": "rule condition not ready: RULE-002 none_of npi_validation=flagged -> VALUE_PARTIALLY_REACHABLE ('flagged' is emitted on ['rce'] but NOT on ['registry']; this condition is dead on ['registry'] (D6))", "git_sha": "unknown", "build_time": "unknown", "version": "6.0.0", "environment": "unknown"}
{"ts": "2026-10-03T22:07:45.205000+00:00", "level": "WARNING", "logger": "app.core.vocabulary_contract", "message": "rule condition not ready: RULE-003 any_of taxonomy_mismatch=minor -> PRODUCER_UNAVAILABLE (no producer — No second operand. NPPES supplies a NUCC taxonomy; the RCE delivery supplies none, so there is nothing to comp)", "git_sha": "unknown", "build_time": "unknown", "version": "6.0.0", "environment": "unknown"}
{"ts": "2026-10-03T22:07:45.205053+00:00", "level": "WARNING", "logger": "app.core.vocabulary_contract", "message": "rule condition not ready: RULE-003 none_of npi_validation=flagged -> VALUE_PARTIALLY_REACHABLE ('flagged' is emitted on ['rce'] but NOT on ['registry']; this condition is dead on ['registry'] (D6))", "git_sha": "unknown", "build_time": "unknown", "version": "6.0.0", "environment": "unknown"}
{"ts": "2026-10-03T22:07:45.205094+00:00", "level": "WARNING", "logger": "app.core.vocabulary_contract", "message": "rule condition not ready: RULE-004 any_of nppes_pecos_conflict=true -> METHODOLOGY_BLOCKED (production blocked pending D1 — A derivation exists on the registry path, but 'pecos' denotes the NPPES-proxy connector there and genuine CMS )", "git_sha": "unknown", "build_time": "unknown", "version": "6.0.0", "environment": "unknown"}
{"ts": "2026-10-03T22:07:45.205138+00:00", "level": "WARNING", "logger": "app.core.vocabulary_contract", "message": "rule condition not ready: RULE-004 any_of multiple_source_conflict=true -> METHODOLOGY_BLOCKED (production blocked pending D1 — Same 'pecos' ambiguity in its first clause.)", "git_sha": "unknown", "build_time": "unknown", "version": "6.0.0", "environment": "unknown"}
{"ts": "2026-10-03T22:07:45.205179+00:00", "level": "WARNING", "logger": "app.core.vocabulary_contract", "message": "rule condition not ready: RULE-004 any_of confidence_below=<0.5 -> METHODOLOGY_BLOCKED (production blocked pending D2 — The dimension layer computes no confidence score, by design — sufficiency_summary() contains no arithmetic. Po)", "git_sha": "unknown", "build_time": "unknown", "version": "6.0.0", "environment": "unknown"}
{"ts": "2026-10-03T22:07:45.205221+00:00", "level": "WARNING", "logger": "app.core.vocabulary_contract", "message": "rule condition not ready: RULE-005 any_of npi_validation=invalid -> VALUE_PARTIALLY_REACHABLE ('invalid' is emitted on ['registry'] but NOT on ['rce']; this condition is dead on ['rce'] (D6))", "git_sha": "unknown", "build_time": "unknown", "version": "6.0.0", "environment": "unknown"}
{"ts": "2026-10-03T22:07:45.205258+00:00", "level": "WARNING", "logger": "app.core.vocabulary_contract", "message": "rule condition not ready: RULE-005 any_of required_verification_failed=true -> PRODUCER_UNAVAILABLE (no producer — No producer anywhere in the codebase, and no definition of which verifications are 'required' for a given enti)", "git_sha": "unknown", "build_time": "unknown", "version": "6.0.0", "environment": "unknown"}
{"ts": "2026-10-03T22:07:45.205315+00:00", "level": "INFO", "logger": "docuaction", "message": "Evidence vocabulary contract [report]: 2/11 rule conditions ready, 9 not ready", "git_sha": "unknown", "build_time": "unknown", "version": "6.0.0", "environment": "unknown"}
INFO:     Application startup complete.
INFO:     Uvicorn running on http://127.0.0.1:8104 (Press CTRL+C to quit)

-----

WeasyPrint could not import some external libraries. Please carefully follow the installation steps before reporting an issue:
https://doc.courtbouillon.org/weasyprint/stable/first_steps.html#installation
https://doc.courtbouillon.org/weasyprint/stable/first_steps.html#troubleshooting 

-----

INFO:     127.0.0.1:65299 - "GET /health HTTP/1.1" 200 OK
{"ts": "2026-10-03T22:08:07.605731+00:00", "level": "INFO", "logger": "docuaction.request", "message": "request", "request_id": "ff80c4f3-3191-4dcb-9081-16fe2887e05d", "route": "/api/auth/login", "git_sha": "unknown", "build_time": "unknown", "version": "6.0.0", "environment": "unknown", "http_method": "POST", "status_code": 200, "duration_ms": 712}
INFO:     127.0.0.1:65313 - "POST /api/auth/login HTTP/1.1" 200 OK
{"ts": "2026-10-03T22:08:09.017947+00:00", "level": "INFO", "logger": "app.tefca_registry.rce.intake", "message": "delivery bytes already preserved at C:\\Users\\imran\\AppData\\Local\\Temp\\combined-be\\uploads\\rce_deliveries\\06ddc1be78e31e2c_DocuAction_ONC_RCE_3_Record_Invalid_NPI_Test.csv; not rewritten", "request_id": "a5d3dc38-b8ae-49f5-8ef7-53d1e004321f", "route": "/api/tefca/rce/official-deliveries", "git_sha": "unknown", "build_time": "unknown", "version": "6.0.0", "environment": "unknown"}
{"ts": "2026-10-03T22:08:09.112083+00:00", "level": "INFO", "logger": "docuaction.request", "message": "request", "request_id": "a5d3dc38-b8ae-49f5-8ef7-53d1e004321f", "route": "/api/tefca/rce/official-deliveries", "git_sha": "unknown", "build_time": "unknown", "version": "6.0.0", "environment": "unknown", "http_method": "POST", "status_code": 202, "duration_ms": 1288}
INFO:     127.0.0.1:65314 - "POST /api/tefca/rce/official-deliveries HTTP/1.1" 202 Accepted
{"ts": "2026-10-03T22:08:09.320018+00:00", "level": "INFO", "logger": "docuaction.request", "message": "request", "request_id": "bd7e7f01-c79b-4873-9f87-befd977df745", "route": "/api/tefca/rce/delivery-jobs/994759a8-fcad-4a17-a829-d43ce2bff3fc", "git_sha": "unknown", "build_time": "unknown", "version": "6.0.0", "environment": "unknown", "http_method": "GET", "status_code": 200, "duration_ms": 8}
INFO:     127.0.0.1:65315 - "GET /api/tefca/rce/delivery-jobs/994759a8-fcad-4a17-a829-d43ce2bff3fc HTTP/1.1" 200 OK
{"ts": "2026-10-03T22:08:09.932072+00:00", "level": "INFO", "logger": "app.tefca_registry.rce.delivery_scheduler", "message": "delivery poller claimed job 994759a8-fcad-4a17-a829-d43ce2bff3fc (Rollback Compat Test)", "git_sha": "unknown", "build_time": "unknown", "version": "6.0.0", "environment": "unknown"}
{"ts": "2026-10-03T22:08:09.942352+00:00", "level": "INFO", "logger": "app.tefca_registry.rce.stage_events", "message": "stage started", "job_id": "994759a8-fcad-4a17-a829-d43ce2bff3fc", "stage": "SCHEMA_VALIDATION", "attempt": 1, "git_sha": "unknown", "build_time": "unknown", "version": "6.0.0", "environment": "unknown"}
{"ts": "2026-10-03T22:08:09.946328+00:00", "level": "INFO", "logger": "app.tefca_registry.rce.stage_events", "message": "stage started", "job_id": "994759a8-fcad-4a17-a829-d43ce2bff3fc", "stage": "PARSING", "attempt": 1, "git_sha": "unknown", "build_time": "unknown", "version": "6.0.0", "environment": "unknown"}
{"ts": "2026-10-03T22:08:09.953813+00:00", "level": "INFO", "logger": "app.tefca_registry.rce.intake", "message": "delivery bytes already preserved at C:\\Users\\imran\\AppData\\Local\\Temp\\combined-be\\uploads\\rce_deliveries\\06ddc1be78e31e2c_DocuAction_ONC_RCE_3_Record_Invalid_NPI_Test.csv; not rewritten", "job_id": "994759a8-fcad-4a17-a829-d43ce2bff3fc", "stage": "PARSING", "attempt": 1, "git_sha": "unknown", "build_time": "unknown", "version": "6.0.0", "environment": "unknown"}
{"ts": "2026-10-03T22:08:10.053468+00:00", "level": "INFO", "logger": "app.tefca_registry.rce.stage_events", "message": "stage completed", "job_id": "994759a8-fcad-4a17-a829-d43ce2bff3fc", "stage": "SCHEMA_VALIDATION", "attempt": 1, "git_sha": "unknown", "build_time": "unknown", "version": "6.0.0", "environment": "unknown", "status": "COMPLETED", "duration_ms": 110}
{"ts": "2026-10-03T22:08:10.057829+00:00", "level": "INFO", "logger": "app.tefca_registry.rce.stage_events", "message": "stage completed", "job_id": "994759a8-fcad-4a17-a829-d43ce2bff3fc", "stage": "PARSING", "attempt": 1, "git_sha": "unknown", "build_time": "unknown", "version": "6.0.0", "environment": "unknown", "status": "COMPLETED", "duration_ms": 111}
{"ts": "2026-10-03T22:08:10.065346+00:00", "level": "INFO", "logger": "app.tefca_registry.rce.stage_events", "message": "stage started", "job_id": "994759a8-fcad-4a17-a829-d43ce2bff3fc", "intake_id": "57902f95-6753-4465-857a-fefd32056c00", "stage": "QUALITY", "attempt": 1, "git_sha": "unknown", "build_time": "unknown", "version": "6.0.0", "environment": "unknown"}
{"ts": "2026-10-03T22:08:10.134027+00:00", "level": "INFO", "logger": "app.tefca_registry.rce.stage_events", "message": "stage completed", "job_id": "994759a8-fcad-4a17-a829-d43ce2bff3fc", "intake_id": "57902f95-6753-4465-857a-fefd32056c00", "stage": "QUALITY", "attempt": 1, "git_sha": "unknown", "build_time": "unknown", "version": "6.0.0", "environment": "unknown", "status": "COMPLETED", "duration_ms": 68}
{"ts": "2026-10-03T22:08:10.140405+00:00", "level": "INFO", "logger": "app.tefca_registry.rce.stage_events", "message": "stage started", "job_id": "994759a8-fcad-4a17-a829-d43ce2bff3fc", "intake_id": "57902f95-6753-4465-857a-fefd32056c00", "stage": "CURATION", "attempt": 1, "git_sha": "unknown", "build_time": "unknown", "version": "6.0.0", "environment": "unknown"}
{"ts": "2026-10-03T22:08:10.261014+00:00", "level": "INFO", "logger": "app.tefca_registry.rce.stage_events", "message": "stage completed", "job_id": "994759a8-fcad-4a17-a829-d43ce2bff3fc", "intake_id": "57902f95-6753-4465-857a-fefd32056c00", "stage": "CURATION", "attempt": 1, "git_sha": "unknown", "build_time": "unknown", "version": "6.0.0", "environment": "unknown", "status": "COMPLETED", "duration_ms": 117}
{"ts": "2026-10-03T22:08:10.271405+00:00", "level": "INFO", "logger": "app.tefca_registry.rce.stage_events", "message": "stage started", "job_id": "994759a8-fcad-4a17-a829-d43ce2bff3fc", "intake_id": "57902f95-6753-4465-857a-fefd32056c00", "stage": "PROMOTION", "attempt": 1, "git_sha": "unknown", "build_time": "unknown", "version": "6.0.0", "environment": "unknown"}
{"ts": "2026-10-03T22:08:10.376981+00:00", "level": "INFO", "logger": "app.tefca_registry.rce.promotion", "message": "shared identifier values in delivery: {'tefcaid': 0, 'hcid': 0, 'aaid': 0, 'npi': 0}", "job_id": "994759a8-fcad-4a17-a829-d43ce2bff3fc", "intake_id": "57902f95-6753-4465-857a-fefd32056c00", "stage": "PROMOTION", "attempt": 1, "git_sha": "unknown", "build_time": "unknown", "version": "6.0.0", "environment": "unknown"}
{"ts": "2026-10-03T22:08:10.384227+00:00", "level": "INFO", "logger": "app.tefca_registry.rce.promotion", "message": "identifier values already registered by an earlier delivery: {'tefcaid': 0, 'hcid': 0, 'aaid': 0, 'npi': 0}", "job_id": "994759a8-fcad-4a17-a829-d43ce2bff3fc", "intake_id": "57902f95-6753-4465-857a-fefd32056c00", "stage": "PROMOTION", "attempt": 1, "git_sha": "unknown", "build_time": "unknown", "version": "6.0.0", "environment": "unknown"}
{"ts": "2026-10-03T22:08:10.530208+00:00", "level": "INFO", "logger": "app.tefca_registry.rce.stage_events", "message": "stage completed", "job_id": "994759a8-fcad-4a17-a829-d43ce2bff3fc", "intake_id": "57902f95-6753-4465-857a-fefd32056c00", "stage": "PROMOTION", "attempt": 1, "git_sha": "unknown", "build_time": "unknown", "version": "6.0.0", "environment": "unknown", "status": "COMPLETED", "duration_ms": 258}
{"ts": "2026-10-03T22:08:10.536284+00:00", "level": "INFO", "logger": "app.tefca_registry.rce.stage_events", "message": "stage started", "job_id": "994759a8-fcad-4a17-a829-d43ce2bff3fc", "intake_id": "57902f95-6753-4465-857a-fefd32056c00", "stage": "VERIFICATION_READINESS", "attempt": 1, "git_sha": "unknown", "build_time": "unknown", "version": "6.0.0", "environment": "unknown"}
{"ts": "2026-10-03T22:08:11.992516+00:00", "level": "INFO", "logger": "app.tefca_registry.rce.stage_events", "message": "stage completed", "job_id": "994759a8-fcad-4a17-a829-d43ce2bff3fc", "intake_id": "57902f95-6753-4465-857a-fefd32056c00", "stage": "VERIFICATION_READINESS", "attempt": 1, "git_sha": "unknown", "build_time": "unknown", "version": "6.0.0", "environment": "unknown", "status": "COMPLETED", "duration_ms": 1452}
{"ts": "2026-10-03T22:08:12.003623+00:00", "level": "INFO", "logger": "app.tefca_registry.rce.stage_events", "message": "stage started", "job_id": "994759a8-fcad-4a17-a829-d43ce2bff3fc", "intake_id": "57902f95-6753-4465-857a-fefd32056c00", "stage": "RECONCILIATION", "attempt": 1, "git_sha": "unknown", "build_time": "unknown", "version": "6.0.0", "environment": "unknown"}
{"ts": "2026-10-03T22:08:12.191137+00:00", "level": "INFO", "logger": "app.tefca_registry.rce.reconciliation", "message": "reconciliation snapshot persisted", "job_id": "994759a8-fcad-4a17-a829-d43ce2bff3fc", "intake_id": "57902f95-6753-4465-857a-fefd32056c00", "stage": "RECONCILIATION", "attempt": 1, "git_sha": "unknown", "build_time": "unknown", "version": "6.0.0", "environment": "unknown", "sequence": 1, "passed": true, "trigger": "PIPELINE"}
{"ts": "2026-10-03T22:08:12.199237+00:00", "level": "INFO", "logger": "app.tefca_registry.rce.stage_events", "message": "stage completed", "job_id": "994759a8-fcad-4a17-a829-d43ce2bff3fc", "intake_id": "57902f95-6753-4465-857a-fefd32056c00", "stage": "RECONCILIATION", "attempt": 1, "git_sha": "unknown", "build_time": "unknown", "version": "6.0.0", "environment": "unknown", "status": "COMPLETED", "duration_ms": 193}
{"ts": "2026-10-03T22:08:12.212111+00:00", "level": "INFO", "logger": "app.tefca_registry.rce.delivery_scheduler", "message": "delivery job 994759a8-fcad-4a17-a829-d43ce2bff3fc finished: SUCCEEDED", "git_sha": "unknown", "build_time": "unknown", "version": "6.0.0", "environment": "unknown"}
{"ts": "2026-10-03T22:08:12.506323+00:00", "level": "INFO", "logger": "docuaction.request", "message": "request", "request_id": "14f40b14-4d07-4421-9daf-ea1176867916", "route": "/api/tefca/rce/delivery-jobs/994759a8-fcad-4a17-a829-d43ce2bff3fc", "git_sha": "unknown", "build_time": "unknown", "version": "6.0.0", "environment": "unknown", "http_method": "GET", "status_code": 200, "duration_ms": 10}
INFO:     127.0.0.1:65316 - "GET /api/tefca/rce/delivery-jobs/994759a8-fcad-4a17-a829-d43ce2bff3fc HTTP/1.1" 200 OK
{"ts": "2026-10-03T22:08:13.677149+00:00", "level": "INFO", "logger": "docuaction.request", "message": "request", "request_id": "2d4c693e-f7e1-48d7-8d17-3be10eb59c00", "route": "/api/reports/generate/jobs", "git_sha": "unknown", "build_time": "unknown", "version": "6.0.0", "environment": "unknown", "http_method": "POST", "status_code": 202, "duration_ms": 90}
INFO:     127.0.0.1:65317 - "POST /api/reports/generate/jobs HTTP/1.1" 202 Accepted
{"ts": "2026-10-03T22:08:14.928828+00:00", "level": "INFO", "logger": "app.reports.export_scheduler", "message": "export poller claimed job 2f23c27d-808b-43b9-9639-83a0dc9154d3 (report:delivery_processing)", "git_sha": "unknown", "build_time": "unknown", "version": "6.0.0", "environment": "unknown"}
{"ts": "2026-10-03T22:08:17.523145+00:00", "level": "INFO", "logger": "app.reports.export_scheduler", "message": "export job 2f23c27d-808b-43b9-9639-83a0dc9154d3 finished: SUCCEEDED", "git_sha": "unknown", "build_time": "unknown", "version": "6.0.0", "environment": "unknown"}
{"ts": "2026-10-03T22:08:26.168596+00:00", "level": "INFO", "logger": "docuaction.request", "message": "request", "request_id": "cf03c217-3820-4cb3-b868-15d410814eb1", "route": "/api/auth/login", "git_sha": "unknown", "build_time": "unknown", "version": "6.0.0", "environment": "unknown", "http_method": "POST", "status_code": 200, "duration_ms": 643}
INFO:     127.0.0.1:54901 - "POST /api/auth/login HTTP/1.1" 200 OK
{"ts": "2026-10-03T22:08:26.235186+00:00", "level": "INFO", "logger": "docuaction.request", "message": "request", "request_id": "c6073da5-0c6f-437d-94b0-576cb087ce3c", "route": "/api/reports/generate/jobs/2f23c27d-808b-43b9-9639-83a0dc9154d3", "git_sha": "unknown", "build_time": "unknown", "version": "6.0.0", "environment": "unknown", "http_method": "GET", "status_code": 200, "duration_ms": 6}
INFO:     127.0.0.1:53698 - "GET /api/reports/generate/jobs/2f23c27d-808b-43b9-9639-83a0dc9154d3 HTTP/1.1" 200 OK
