========================================================================
FCC BULLETIN — EDITOR AUDIT   agency=fcc   2026-07-28T22:59:27
========================================================================

SECTION 1 — ARTICLES COLLECTED
  Total collected (post domain-exclusion): 322
  Unique after dedup: 279   Classified: 267   In briefing: 150
  Provider breakdown:
    Talkwalker       0
    NewsAPI.ai       0
    Event Registry   0
    RSS              165
    Government       0
    GDELT            0
    Other            157

SECTION 2 — ARTICLES REMOVED
  Total removed: 177
  [Duplicate] — 43
    - FCC Approves SoftBank’s Acquisition of Regional ISP WideOpenWest! - Broadband Breakfast  | provider=RSS | reason=Duplicate
    - Broadband Providers Praise Some State Pole Attachment Models, Argue Others Fall Behind - Broadband Breakfast  | provider=RSS | reason=Duplicate
    - Japan’s SoftBank Gains FCC Approval to Acquire Regional ISP WideOpenWest - Broadband Breakfast  | provider=RSS | reason=Duplicate
    - Former FCC Chairs Urge Brendan Carr to End ABC Broadcast License Review: ‘An Assault on Free Speech Disguised as Regulatory Process’ - IMDb  | provider=RSS | reason=Duplicate
    - Information Collection Being Reviewed by the Federal Communications Commission  | provider=RSS | reason=Duplicate
    - Information Collection Being Reviewed by the Federal Communications Commission Delegated Authority  | provider=RSS | reason=Duplicate
    - Information Collection Being Submitted for Review and Approval to Office of Management and Budget  | provider=RSS | reason=Duplicate
    - Review of Submarine Cable Landing License Rules and Procedures To Assess Evolving National Security, Law Enforcement, Foreign Policy, and Trade Policy Risks  | provider=RSS | reason=Duplicate
    - FCC blocks new foreign-made power inverters and advanced robots over national security risks  | provider=RSS | reason=Duplicate
    - Trump administration bans new Chinese humanoid robots , to protect US AI buildout  | provider=Dealstreetasia.Com | reason=Duplicate
    - Trump administration bans new Chinese humanoid robots , to protect US AI buildout  | provider=Rnz.Co.Nz | reason=Duplicate
    - Trump administration bans new Chinese humanoid robots , to protect US AI buildout  | provider=Wabx.Net | reason=Duplicate
    - Trump administration bans new Chinese humanoid robots , to protect US AI buildout  | provider=Hot96.Com | reason=Duplicate
    - NBC Reports on Biden Tapes While CBS Moves Fauci Diary to Streaming Only  | provider=Newsbusters.Org | reason=Duplicate
    - Trump administration bans new Chinese humanoid robots , to protect US AI buildout  | provider=Wiky.Com | reason=Duplicate
    - Trump administration bans new Chinese humanoid robots , to protect US AI buildout  | provider=Mymixfm.Com | reason=Duplicate
    - Trump administration bans new Chinese humanoid robots , to protect US AI buildout  | provider=Kfgo.Com | reason=Duplicate
    - [CSPAN] Federalist Society Previews Supreme Court Term Part 1: delegation something we should consider. the inspector general's office has aske...  | provider=Cspan | reason=Duplicate
    - [CSPAN] Federalist Society Previews Supreme Court Term Part 1: has asked for a search warrant in that case. there are a bunch of cases involvin...  | provider=Cspan | reason=Duplicate
    - [CSPAN] Federalist Society Previews Supreme Court Term: delegation something we should consider. the inspector general's office has aske...  | provider=Cspan | reason=Duplicate
    - [CSPAN2] FCC Commissioner  Others Testify on Biden Administration Policies: okay. today were joined by excellent witnesses and the honorable senior republic...  | provider=Cspan2 | reason=Duplicate
    - [CSPAN3] Discussion on Emerging AI Technologies: media attack new media and try to use regulation to deal with that. it is really...  | provider=Cspan3 | reason=Duplicate
    - [CSPAN3] Discussion on Emerging AI Technologies: to use regulation to deal with that. it is really because of newspapers lobbying...  | provider=Cspan3 | reason=Duplicate
    - [CSPAN] U.S. House of Representatives U.S. House of Representatives: sector. the fact act will require the federal communications commission to publi...  | provider=Cspan | reason=Duplicate
    - [CSPAN] U.S. House of Representatives U.S. House of Representatives: magnifies this target. this helps address these concerns. this would require the...  | provider=Cspan | reason=Duplicate
    - [CSPAN] U.S. House of Representatives U.S. House of Representatives: h.r. 820. a bill to direct the federal communications commission to publish a li...  | provider=Cspan | reason=Duplicate
    - [CSPAN] U.S. House of Representatives U.S. House of Representatives: recognized as the equipment and services used in their drones to the federal com...  | provider=Cspan | reason=Duplicate
    - [CSPAN3] Nixon Administration 1970s Womens Initiatives: summary was urging the appointment of a woman to the federal communications comm...  | provider=Cspan3 | reason=Duplicate
    - [CSPAN3] Nixon Administration 1970s Womens Initiatives: nixon. this is an item in his news summary was urging the appointment of a woman...  | provider=Cspan3 | reason=Duplicate
    - [CSPAN] NTSB Chair and Others Discuss New Vehicle Technology and Safety Standards: yet, there is more work to be done. the federal communications commission wil  | provider=Cspan | reason=Duplicate
    - Shenzhen Xriver Technology Co., LTD submitted a new device:

Smart Lock
FCC ID: 2BGYU-XBELCS9022BK  | provider=BlueSky | reason=Duplicate
    - FCC Blocks New Robot and Power Inverter Imports Over Security Risks

This article frames the action as a direct response  | provider=BlueSky | reason=Duplicate
    - FCC bans foreign-produced solar inverters, grid lockout begins today  | provider=BlueSky | reason=Duplicate
    - FCC bans foreign-produced solar inverters, grid lockout begins today

https://pv-magazine-usa.com/2026/07/28/fcc-bans-fo  | provider=BlueSky | reason=Duplicate
    - FCC bans humanoid robots from China, citing ‘unacceptable risks’ | Trump administration

https://www.europesays.com/ie/6  | provider=BlueSky | reason=Duplicate
    - FCC blocks new foreign-made power inverters and advanced robots over national security risks
->Fox Business | More info  | provider=BlueSky | reason=Duplicate
    - FCC bans humanoid robots from China, citing ‘unacceptable risks’ | Trump administration

https://www.europesays.com/3159  | provider=BlueSky | reason=Duplicate
    - FCC bans humanoid robots from China, citing ‘unacceptable risks’
Move comes as the Trump administration has increasingly  | provider=BlueSky | reason=Duplicate
    - FCC bans humanoid robots from China, citing ‘unacceptable risks’

Move comes as the Trump administration has increasingl  | provider=BlueSky | reason=Duplicate
    - FCC blocks new foreign-made power inverters and advanced robots over national security risks  | provider=BlueSky | reason=Duplicate
    - FCC bans foreign-produced solar inverters, grid lockout begins today.  

Gee, given the hostility to solar by this admin  | provider=BlueSky | reason=Duplicate
    - Former FCC Chairs Urge Brendan Carr to End ABC Broadcast License Review: ‘An Assault on Free Speech Disguised as Regulat  | provider=BlueSky | reason=Duplicate
    - newrepublic.com/post/213087/...  | provider=BlueSky | reason=Duplicate
  [Corporate Noise] — 14
    - Boeing takes $280 million hit on troubled Air Force One program  | provider=RSS | reason=Corporate Noise
    - K-Love Names Andrew Lambeth Chief Marketing and Communications Officer  | provider=RSS | reason=Corporate Noise
    - NAB Names Finalists for 2026 Marconi Radio Awards  | provider=RSS | reason=Corporate Noise
    - Monday (telco diary) | ‘A new telco growth profile’?  | provider=RSS | reason=Corporate Noise
    - K-LOVE Appoints A Chief Marketing and Communications Officer  | provider=RSS | reason=Corporate Noise
    - Fox TV Stations Head To Chair BFOA Golf Affair  | provider=RSS | reason=Corporate Noise
    - Andrew Lembeth Joins K-Love Inc. As Chief Marketing & Communications Officer  | provider=RSS | reason=Corporate Noise
    - Vida Unida Launches New Lineup  | provider=RSS | reason=Corporate Noise
    - Verizon’s Numbers Show Growth, but the Math Is Fuzzy  | provider=RSS | reason=Corporate Noise
    - EPA exempts data center power plants from pollution limits seeking to prevent acid rain  | provider=RSS | reason=Corporate Noise
    - Nvidia launches new open-source AI security alliance  | provider=RSS | reason=Corporate Noise
    - Tony McGinty Joins 107.3 Alternative Cleveland  | provider=RSS | reason=Corporate Noise
    - My Broadcasting Rebrands Ontario Oldies Stations Under Wow-FM Brand  | provider=RSS | reason=Corporate Noise
    - Amazon Leo Unveils Ambitious Satellite Constellation for Direct - to - Phone Connectivity , ETTelecom  | provider=Telecom.Economictimes.Indiatimes.Com | reason=Corporate Noise
  [Low Confidence] — 117
    - FCC Review Of ABC Licenses Unconstitutional , Former Chairs Say  | provider=Mediapost.Com | reason=Low Confidence
    - Former FCC Chairs Call for End of ABC Broadcast License Review  | provider=Thewrap.Com | reason=Low Confidence
    - www.theguardian.com/us-news/2026...  | provider=BlueSky | reason=Low Confidence
    - TP-Link Systems Inc. submitted a new device:

AXE5400 Tri-Band Wi-Fi 6E Mini Wireless USB Adapter
FCC ID: 2BH7FTXE70U  | provider=BlueSky | reason=Low Confidence
    - Shenzhen Xriver Technology Co., LTD submitted a new device:

Smart Lock
FCC ID: 2BGYU-XB-SL-Q7-BK  | provider=BlueSky | reason=Low Confidence
    - This is the kinda thing that lets you know this administration is not a government, it's just a bunch of thieves literal  | provider=BlueSky | reason=Low Confidence
    - A company that has received hundreds of millions of dollars from a federal program to provide discounted phone and inter  | provider=BlueSky | reason=Low Confidence
    - 米FCC、中国製新型ロボットとインバーターの輸入禁止。
note.com/ichi_twnovel...

Trump administration bans new Chinese humanoid robots, to protect  | provider=BlueSky | reason=Low Confidence
    - The US just banned new Chinese humanoid robots. Not because they're bad at walking—because they're too good at watching.  | provider=BlueSky | reason=Low Confidence
    - Zhuhai Bigway Electronic Co.,Ltd. submitted a new device:

Wireless HDMI Transmitter and Receiver
FCC ID: 2BGEJ-50U76  | provider=BlueSky | reason=Low Confidence
    - Shenzhen Senter Ecommerce Co. Ltd submitted a new device:

Smart Bathroom Fan With Light
FCC ID: 2BGFSSTR-HV-O01  | provider=BlueSky | reason=Low Confidence
    - Starpower Network Co., Ltd. submitted a new device:

Ziea One
FCC ID: 2BG5R-ZIEAONE  | provider=BlueSky | reason=Low Confidence
    - Remember the fuckery the FCC pulled with the consumer router industry? It's the same but a lot lot worse for the solar i  | provider=BlueSky | reason=Low Confidence
    - FCC Updates Covered List to Include Foreign-Produced Advanced Robotic Devices and Power Inverters https://www.fcc.gov/ed  | provider=BlueSky | reason=Low Confidence
    - a perfect fit for Douchethat, and for Bari. If a Dem wins President again I hope they send their FCC chair after CBS.  | provider=BlueSky | reason=Low Confidence
    - Trump’s Fascist Power Play Threatens Chicago’s Favorite Local TV Station
open.substack.com/pub/contrari...  | provider=BlueSky | reason=Low Confidence
    - FCC bans "advanced robotic devices" from foreign markets, Unitree most visibly hit. The "not targeted at any country" fr  | provider=BlueSky | reason=Low Confidence
    - Federal charges hit a CO drone pilot, while the FCC explores restricting foreign drone imports and the NPPA warns about  | provider=BlueSky | reason=Low Confidence
    - See more: https://djirumor.com/news/two-more-drones-escape-fcc-foreign-drone-ban-dronedj  | provider=BlueSky | reason=Low Confidence
    - The FCC’s foreign drone ban isn’t a ban—it’s a whitelist with 17 exemptions and counting.

This week, Ayre CX and Firefl  | provider=BlueSky | reason=Low Confidence
    - See more: https://djirumor.com/news/dji-camera-clone-company-xtra-claims-its-in-close-communication-with-the-fcc-the-ver  | provider=BlueSky | reason=Low Confidence
    - The FCC is moving to ban DJI clone maker Xtra from selling cameras in the US, and its Pocket 4 Pro knockoff is already a  | provider=BlueSky | reason=Low Confidence
    - The new geopolitics of undersea data cables https://geographical.co.uk/geopolitics/the-new-geopolitics-of-undersea-data-  | provider=BlueSky | reason=Low Confidence
    - The US Federal Communications Commission announced a ban on humanoid robots from China on Tuesday, saying that the techn  | provider=BlueSky | reason=Low Confidence
    - The FCC has banned Chinese humanoid robots and power inverters over national security risks, marking a major step in sec  | provider=BlueSky | reason=Low Confidence
    - As President Trump continues to enact his agenda across the federal government, even some conservatives are warning agai  | provider=BlueSky | reason=Low Confidence
    - So, because the US needs a lot of electricity for "AI supremacy," the government is blocking a core component of industr  | provider=BlueSky | reason=Low Confidence
    - www.usatoday.com/story/news/n...
A bipartisan coalition of former high-ranking Federal Communications Commission personn  | provider=BlueSky | reason=Low Confidence
    - Truly insane. 
pv-magazine-usa.com/2026/07/28/f...  | provider=BlueSky | reason=Low Confidence
    - The US Federal Communications Commission (FCC) on Tuesday afternoon released the measures, which bar Chinese imports of  | provider=BlueSky | reason=Low Confidence
    - China Tech Curbs: US To Ban Imports Of Chinese Robots, Power Inverters Over Security Risks: US Federal Communications Co  | provider=BlueSky | reason=Low Confidence
    - White House Bans Foreign Humanoid Robots to Counter China's Tech Advances: The U.S. Federal Communications Commission an  | provider=BlueSky | reason=Low Confidence
    - The FCC has banned humanoid and animal-like robots from China, citing national security concerns amid ongoing efforts to  | provider=BlueSky | reason=Low Confidence
    - I don't trust the FCC anymore. How do we know this isn't just another attack against the solar industry? 

Trump will do  | provider=BlueSky | reason=Low Confidence
    - We live in the dumbest times. 

FCC bans foreign-produced solar inverters, grid lockout begins today - pv magazine USA s  | provider=BlueSky | reason=Low Confidence
    - US Blocks Market Access for Foreign Power Inverters and Advanced Robotics over National Security Risks
#advancedRoboticD  | provider=BlueSky | reason=Low Confidence
    - And trump calls people who value checks and balances communist!  Give me a break!  Brendan Carr (FCC) is puttingABC new  | provider=BlueSky | reason=Low Confidence
    - Trump ally, Brendan Carr wants to control the media to satisfy Trump. It is a 'chiling message' with the ABC license rev  | provider=BlueSky | reason=Low Confidence
    - More bangers  | provider=BlueSky | reason=Low Confidence
    - Trump administration bans new Chinese humanoid robots , to protect US AI buildout  | provider=Economictimes.Indiatimes.Com | reason=Low Confidence
    - US bans new Chinese humanoid robots to protect AI buildout  | provider=Asia.Nikkei.Com | reason=Low Confidence
    - Trump administration bans new Chinese humanoid robots  | provider=Bbc.Co.Uk | reason=Low Confidence
    - US FCC Bans Sales of Foreign - Made Power Inverters and Robots  | provider=Bankinfosecurity.Com | reason=Low Confidence
    - United States Bans Chinese Humanoid & Quadruped Robots , Citing National Security  | provider=Forbes.Com | reason=Low Confidence
    - FCC blocks new foreign robot dogs and humanoids over national security risks  | provider=Foxbusiness.Com | reason=Low Confidence
    - US bans new Chinese robots , power inverters over security concerns  | provider=Dailysabah.Com | reason=Low Confidence
    - Nation States : Why the FCC Is Now a National Security Agency | 960 WELI | The Clay Travis and Buck Sexton Show  | provider=960Weli.Iheart.Com | reason=Low Confidence
    - White House Bans Foreign Humanoid Robots in Bid to Slow China Tech Explosion  | provider=Gizmodo.Com | reason=Low Confidence
    - NBC Reports on Biden Tapes While CBS Moves Fauci Diary to Streaming Only  | provider=Newsbusters.Org | reason=Low Confidence
    - FCC To Unleash An Economic Boom , Thanks To Trump Tax Bill  | provider=Hotair.Com | reason=Low Confidence
    - variety.com/2026/tv/news...  | provider=BlueSky | reason=Low Confidence
    - Exactly.  | provider=BlueSky | reason=Low Confidence
    - Speaking out against censorship, especially when you have a platform, is essential: variety.com/2026/tv/news...  | provider=BlueSky | reason=Low Confidence
    - Trump’s FCC went after one of our local stations: ABC7.

This lawless administration wants to dictate what you can see o  | provider=BlueSky | reason=Low Confidence
    - More, from an event larger group of former FCC officials, today. variety.com/2026/tv/news...  | provider=BlueSky | reason=Low Confidence
    - Former commissioners and staffers urged chairman Brendan Carr to halt the early renewal process.  | provider=BlueSky | reason=Low Confidence
    - Satellite companies could get an extra $6.3 billion for clearing the band quickly  | provider=BlueSky | reason=Low Confidence
    - 13 Former FCC Officials Blast Agency for  Threatening  Free Speech  | provider=Tvtechnology.Com | reason=Low Confidence
    - Is Trump using the FCC to silence Philadelphia 6abc ?  | provider=Inquirer.Com | reason=Low Confidence
    - Ex - FCC officials warn agency sending  chilling message  with ABC license review | Trump administration  | provider=Theguardian.Com | reason=Low Confidence
    - “When unlikely allies share an opinion, that opinion eclipses partisanship and ideology,” [said Rachelle Chong, former  | provider=BlueSky | reason=Low Confidence
    - AlterNet had an article about Brendan Carr, drumpf’s FCC guy, pushing a scheme to combat—stay with me—night time. Leon M  | provider=BlueSky | reason=Low Confidence
    - The other guy..😉 FCC Chair Brendan Carr  | provider=BlueSky | reason=Low Confidence
    - Are your hearing aid and fitness tracker spying on you ?  | provider=Unionleader.Com | reason=Low Confidence
    - Trump admin rubber - stamps absurd plan to make sky  100 times brighter  | provider=Alternet.Org | reason=Low Confidence
    - It feels not impossible that someone like Randy Fine will call for an investigation into The Odyssey’s box office number  | provider=BlueSky | reason=Low Confidence
    - Brendan Carr Lobs More Empty Threats At ABC For Not Airing Trump’s Election Fraud Lies
https://www.techdirt.com/2026/07/  | provider=BlueSky | reason=Low Confidence
    - newrepublic.com/post/213087/...  | provider=BlueSky | reason=Low Confidence
    - Upper C-band auction offers another lift for GEO industry

TAMPA, Fla. — Satellite operators have welcomed the prospect  | provider=BlueSky | reason=Low Confidence
    - Amazon Leo proposes satellite constellation for direct - to - phone service  | provider=Itnews.Com.Au | reason=Low Confidence
    - Trump mocks Kimmel , Fallon , Colbert with cartoon of late - night comedians begging for money  | provider=Nypost.Com | reason=Low Confidence
    - Amazon proposes launching more than 5 , 000 satellites for mobile services  | provider=Theglobeandmail.Com | reason=Low Confidence
    - US Airline Retrofitting : US Airlines to Receive $2 . 2 Billion for Altimeter Retrofits Amid 5G Interference Risks , ETTelecom  | provider=Telecom.Economictimes.Indiatimes.Com | reason=Low Confidence
    - A Morning Consult poll of 2,202 adults found 63% oppose the labels, and 65% say they should decide what their kids watch  | provider=BlueSky | reason=Low Confidence
    - This cause is close to my heart - please sign: sign.moveon.org/petitions/fc...  | provider=BlueSky | reason=Low Confidence
    - FOX News is a **cable channel**, not a broadcast station. 
Brendan Carr and the FCC have ZERO oversight over cable chann  | provider=BlueSky | reason=Low Confidence
    - No, SpongeDon DementiaPants. It would have been fraud if @nbcnews.com and @abc7.bsky.social broadcasted your whinefest b  | provider=BlueSky | reason=Low Confidence
    - share.google/KGQDxIVYp9jY...  | provider=BlueSky | reason=Low Confidence
    - Jim Acosta Incorrectly Claims Trump Jailed Journalists During Presidency  | provider=Newsbusters.Org | reason=Low Confidence
    - [FOX Business] Kudlow: well know. i mean, do you know this story, perhaps, but the federal communicatio...  | provider=Fox Business | reason=Low Confidence
    - [CSPAN3] Nixon Administration 1970s Womens Initiatives: nixon. this is an item in his news summary was urging the appointment of a woman...  | provider=Cspan3 | reason=Low Confidence
    - [CSPAN3] Stacy Schiff The Revolutionary - Samuel Adams: summary, a group called american in television and radio urged nixon. this is an...  | provider=Cspan3 | reason=Low Confidence
    - [CSPAN3] Nixon Administration 1970s Womens Initiatives: summary was urging the appointment of a woman to the federal communications comm...  | provider=Cspan3 | reason=Low Confidence
    - [CSPAN3] Nixon Administration 1970s Womens Initiatives: is just a summary -- was urging the appointment of a woman to the federal commun...  | provider=Cspan3 | reason=Low Confidence
    - [FOX Business] Mornings With Maria Bartiromo: less lag, better gaming! i'm gonna need to charge you for three people. . maria:...  | provider=Fox Business | reason=Low Confidence
    - [CSPAN] Federalist Society Previews Supreme Court Term Part 1: has asked for a search warrant in that case. there are a bunch of cases involvin...  | provider=Cspan | reason=Low Confidence
    - [CSPAN2] Book TV: not allowed to own stocks that are regulated by the federal communications commi...  | provider=Cspan2 | reason=Low Confidence
    - [CSPAN2] Author Discussion on Journalism: not allowed to own stocks that are regulated by the federal communications commi...  | provider=Cspan2 | reason=Low Confidence
    - [CSPAN2] Book TV: stacks, trading forms. and we thought, you know how the heck we're going to go t...  | provider=Cspan2 | reason=Low Confidence
    - [CSPAN2] Author Discussion on Journalism: stacks, trading forms. and we thought, you know how the heck we're going to go t...  | provider=Cspan2 | reason=Low Confidence
    - [CSPAN2] Author Discussion on Journalism: that. and the idea was my my dad worked for the federal communications commissio...  | provider=Cspan2 | reason=Low Confidence
    - [MSNBC] Velshi: distort of tony him from a nuclear reactor? you know, you want a scientist doing...  | provider=Msnbc | reason=Low Confidence
    - [CSPAN] Federalist Society Previews Supreme Court Term: delegation something we should consider. the inspector general's office has aske...  | provider=Cspan | reason=Low Confidence
    - [FOX News] Special Report With Bret Baier: services. the debt exchange deal includes payment of $1 and the assumption of ar...  | provider=Fox News | reason=Low Confidence
    - [MSNBC] Katy Tur Reports: recover. in addition to fema, that includes the federal communications commissio...  | provider=Msnbc | reason=Low Confidence
    - [CNN] Inside Politics With Dana Bash: available resources fast as possible. well to your communities. the rescue, reco...  | provider=Cnn | reason=Low Confidence
    - [MSNBC] Jose Diaz-Balart Reports: he said that fema administrator is still on the ground there. he also talked abo...  | provider=Msnbc | reason=Low Confidence
    - [FOX News] The Faulkner Focus: rebuilding. in addition to fema including the federal communications commission ...  | provider=Fox News | reason=Low Confidence
    - [CNN] CNN Newsroom With Pamela Brown: every every available resources fast as possible to your communities. the rescue...  | provider=Cnn | reason=Low Confidence
    - [MSNBC] Jose Diaz-Balart Reports: every available resource as fast as possible to your communities, to rescue, rec...  | provider=Msnbc | reason=Low Confidence
    - [CSPAN2] Hearing on Oversight of FBIs Security Clearances for Whistleblowers: s. 275, a bill to require the federal communications commission to establish a v..  | provider=Cspan2 | reason=Low Confidence
    - [CSPAN2] U.S. Senate U.S. Senate: it's been more than 1500 days since the last federal communications commission h...  | provider=Cspan2 | reason=Low Confidence
    - [CSPAN2] FCC Commissioner  Others Testify on Biden Administration Policies: senior republican commissioner on the federal communications commission he's bee...  | provider=Cspan2 | reason=Low Confidence
    - [CSPAN3] FCC Commissioner  Others Testify on Biden Administration Policies: excellent witnesses, brandon carr is a commissioner on the federal communication...  | provider=Cspan3 | reason=Low Confidence
    - [CSPAN] U.S. House of Representatives U.S. House of Representatives: federal communications commission to establish a task force to be known as a 6-g...  | provider=Cspan | reason=Low Confidence
    - [CSPAN3] Discussion on Emerging AI Technologies: media attack new media and try to use regulation to deal with that. it is really...  | provider=Cspan3 | reason=Low Confidence
    - [CSPAN3] Discussion on Emerging AI Technologies: to use regulation to deal with that. it is really because of newspapers lobbying...  | provider=Cspan3 | reason=Low Confidence
    - [CSPAN2] U.S. Senate U.S. Senate: the presiding officer: the clerk will read the title of the bill for the second ...  | provider=Cspan2 | reason=Low Confidence
    - [CSPAN2] U.S. Senate U.S. Senate: -- an act to direct the federal communications commission to publish a list of e...  | provider=Cspan2 | reason=Low Confidence
    - [CSPAN2] The Civil War Tom Wheeler Mr. Lincolns T-Mails: read out the list of his accomplishments. a few highlights include his service a...  | provider=Cspan2 | reason=Low Confidence
    - [CSPAN2] The Civil War Tom Wheeler Mr. Lincolns T-Mails: businessman, an author and a public figure. i'm not even going to try and read o...  | provider=Cspan2 | reason=Low Confidence
    - [CSPAN2] Nixon Administration 1970s Womens Initiatives: federal communications commission. nixon, scrawled in the margin, why not? so, y...  | provider=Cspan2 | reason=Low Confidence
    - [CSPAN2] American History TV: nixon. this is an item in his news summary was urging the appointment of a woman...  | provider=Cspan2 | reason=Low Confidence
    - [CSPAN] NTSB Chair and Others Discuss New Vehicle Technology and Safety Standards: technology, in vehicles on roadways. i will say, as i mentioned in my remarks  | provider=Cspan | reason=Low Confidence
    - [FOX Business] Cavuto Coast to Coast: service is the new frontier of connectivity. neil: right now providing that for ...  | provider=Fox Business | reason=Low Confidence
    - [FOX Business] Cavuto Coast to Coast: people couldn't make cell phone calls to say nothing of electricity but looks li...  | provider=Fox Business | reason=Low Confidence
    - Amazon Leo Unveils Ambitious Satellite Constellation for Direct - to - Phone Connectivity , ETTelecom  | provider=Telecom.Economictimes.Indiatimes.Com | reason=Low Confidence
  [Non-FCC (blocked domain)] — 3
    - Incompetent stories at Techdirt .  | provider=Techdirt.Com | reason=Non-FCC (blocked domain)
    - Xenophobia stories at Techdirt .  | provider=Techdirt.Com | reason=Non-FCC (blocked domain)
    - The Trump FCC Chinese Drone Ban Continues To Be A Sloppy , Protectionist Mess  | provider=Techdirt.Com | reason=Non-FCC (blocked domain)

SECTION 3 — HIGH PRIORITY ARTICLES
    [INCLUDED] term=AT&T | EchoStar, AT&T Close $23 Billion Spectrum Sale | reason=kept in briefing (priority-protected)
    [INCLUDED] term=Satellite | Airline Rebates Could Reach $5.7 Billion After Upper C-Band Auction | reason=kept in briefing (priority-protected)
    [INCLUDED] term=Satellite | Taiwan Opens Door to Foreign Satellite Providers | reason=kept in briefing (priority-protected)
    [INCLUDED] term=Pole Attachment | Broadband Providers Praise Some State Pole Attachment Models, Argue Others Fall Behind | reason=kept in briefing (priority-protected)
    [INCLUDED] term=Pole Attachment | West Virginia PSC Approves Broadband Pole Attachment Agreement | reason=kept in briefing (priority-protected)
    [INCLUDED] term=Wireless | FAA Approves Rule to Protect Aircraft from 5G Interference | reason=kept in briefing (priority-protected)
    [INCLUDED] term=Cybersecurity | Nvidia launches new open-source AI security alliance | reason=kept in briefing (priority-protected)
    [INCLUDED] term=Spectrum | [Federal Register] Sunshine Act Meeting; Open Commission Meeting Wednesday, July 22, 2026 | reason=kept in briefing (priority-protected)
    [INCLUDED] term=Spectrum | Telesat Prepares Upper C-band Transition Plan Following FCC Spectrum Order Approval - The Fast Mode | reason=kept in briefing (priority-protected)
    [INCLUDED] term=ABC | Former FCC Chairs Urge Brendan Carr to End ABC Broadcast License Review: 'An Assault on Free Speech Disguised as Regulatory Process' - TheWrap | reason=kept in briefing (priority-protected)
    [INCLUDED] term=ABC | Former FCC Chairs Call Review Of ABC Licenses "An Assault On Free Speech" - Deadline | reason=kept in briefing (priority-protected)
    [INCLUDED] term=ABC | FCC Chairman Carr Threatens ABC License Review Over Trump Address - National Coalition Against Censorship | reason=kept in briefing (priority-protected)
    [INCLUDED] term=Spectrum | SpaceX won't buy a telco. Musk will buy the spectrum and build one himself | reason=kept in briefing (priority-protected)
    [INCLUDED] term=Spectrum | FCC Approves Upper C-Band Plan to Expand 5G Spectrum - ExecutiveGov | reason=kept in briefing (priority-protected)
    [INCLUDED] term=Spectrum | SES, Eutelsat to net $6.1B in FCC incentive payments | reason=kept in briefing (priority-protected)
    [INCLUDED] term=Satellite | FCC Approves Massive Modernization of Satellite Licensing Regime - Inside Global Tech | reason=kept in briefing (priority-protected)
    [INCLUDED] term=Satellite | SES Statement On FCC Upper C-band Auction Decision - SES Satellite | reason=kept in briefing (priority-protected)
    [INCLUDED] term=Robocall | FCC Urged To Tighten Robocall Controls - News Radio 1190 KEX | reason=kept in briefing (priority-protected)
    [INCLUDED] term=ABC | FCC Slammed by Former Agency Officials Over Review of ABC's Licenses: 'An Assault on Free Speech Disguised as Regulatory Process' - Variety | reason=kept in briefing (priority-protected)
    [INCLUDED] term=ABC | Ex-FCC officials warn agency sending ‘chilling message’ with ABC license review - The Guardian | reason=kept in briefing (priority-protected)
    [INCLUDED] term=ABC | Former FCC officials oppose early review of Disney-owned ABC licenses - Reuters | reason=kept in briefing (priority-protected)
    [INCLUDED] term=ABC | Bipartisan ex-FCC officials are calling the early ABC license review an attack on free speech - qz.com | reason=kept in briefing (priority-protected)
    [INCLUDED] term=ABC | Former FCC officials blast agency’s targeting of ABC | reason=kept in briefing (priority-protected)
    [INCLUDED] term=Robocall | Stronger FCC rules could curb robocall scams after $2B in losses nationwide - WCTI | reason=kept in briefing (priority-protected)
    [INCLUDED] term=ABC | Former FCC leaders slam agency probe into ABC - USA Today | reason=kept in briefing (priority-protected)
    [INCLUDED] term=ABC | Former FCC officials blast agency’s targeting of ABC - TheDesk.net | reason=kept in briefing (priority-protected)
    [INCLUDED] term=ABC | Conservative Groups Urge FCC To Show Restraint in ABC Investigation - Reason Magazine | reason=kept in briefing (priority-protected)
    [INCLUDED] term=ABC | Kevin Mullin leads fight for local TV station license as FCC reviews ABC broadcast licenses, including KGO-TV - San Mateo Daily Journal | reason=kept in briefing (priority-protected)
    [INCLUDED] term=ABC | Padilla, Schiff Object to Trump FCC Attack on Freedom of Speech and Freedom of the Press, Demand Renewal of Broadcast Licenses for ABC-owned Television Stations | reason=kept in briefing (priority-protected)
    [INCLUDED] term=ABC | Fact Check: FCC Did NOT Fine NBC, ABC $25 Million For Not Carrying President Trump's Speech, Or CBS $10 Million For Not Airing It In Its Entirety - Yahoo | reason=kept in briefing (priority-protected)
    [INCLUDED] term=Spectrum | "A group of former FCC chairs and top agency officials of both parties are calling on current chairman Brendan Carr to e | reason=kept in briefing (priority-protected)
    [INCLUDED] term=ABC | Variety

A group of former FCC officials are accusing Chairman Brendan Carr of trying to “censor Disney and ABC’s speech | reason=kept in briefing (priority-protected)
    [INCLUDED] term=Spectrum | 𝗙𝗖𝗖 𝘃𝗼𝘁𝗲𝘀 𝗼𝗻 𝟭𝟲𝟬𝗠𝗛𝘇 𝗨𝗽𝗽𝗲𝗿 𝗖-𝗕𝗮𝗻𝗱 𝗮𝘂𝗰𝘁𝗶𝗼𝗻 𝗳𝗼𝗿 𝟱𝗚 𝗮𝗻𝗱 𝟲𝗚
The FCC will vote Wednesday to auction 160 megahertz of Upper C-B | reason=kept in briefing (priority-protected)
    [INCLUDED] term=ABC | Several former top officials at the Federal Communications Commission called on FCC Chair Brendan Carr on Tuesday to aba | reason=kept in briefing (priority-protected)
    [REJECTED] term=Pole Attachment | Broadband Providers Praise Some State Pole Attachment Models, Argue Others Fall Behind - Broadband Breakfast | reason=Duplicate
    [REJECTED] term=ABC | Former FCC Chairs Urge Brendan Carr to End ABC Broadcast License Review: ‘An Assault on Free Speech Disguised as Regulatory Process’ - IMDb | reason=Duplicate
    [REJECTED] term=Cybersecurity | FCC blocks new foreign-made power inverters and advanced robots over national security risks | reason=Duplicate
    [REJECTED] term=Wireless | [CSPAN] U.S. House of Representatives U.S. House of Representatives: magnifies this target. this helps address these concerns. this would require the... | reason=Duplicate
    [REJECTED] term=Foreign Ownership | [CSPAN] U.S. House of Representatives U.S. House of Representatives: h.r. 820. a bill to direct the federal communications commission to publish a li... | reason=Duplicate
    [REJECTED] term=ABC | Former FCC Chairs Urge Brendan Carr to End ABC Broadcast License Review: ‘An Assault on Free Speech Disguised as Regulat | reason=Duplicate
    [REJECTED] term=Satellite | Amazon Leo Unveils Ambitious Satellite Constellation for Direct - to - Phone Connectivity , ETTelecom | reason=Low Confidence
    [REJECTED] term=ABC | FCC Review Of ABC Licenses Unconstitutional , Former Chairs Say | reason=Low Confidence
    [REJECTED] term=ABC | Former FCC Chairs Call for End of ABC Broadcast License Review | reason=Low Confidence
    [REJECTED] term=Wireless | TP-Link Systems Inc. submitted a new device:

AXE5400 Tri-Band Wi-Fi 6E Mini Wireless USB Adapter
FCC ID: 2BH7FTXE70U | reason=Low Confidence
    [REJECTED] term=Wireless | Zhuhai Bigway Electronic Co.,Ltd. submitted a new device:

Wireless HDMI Transmitter and Receiver
FCC ID: 2BGEJ-50U76 | reason=Low Confidence
    [REJECTED] term=ABC | www.usatoday.com/story/news/n...
A bipartisan coalition of former high-ranking Federal Communications Commission personn | reason=Low Confidence
    [REJECTED] term=Cybersecurity | US Blocks Market Access for Foreign Power Inverters and Advanced Robotics over National Security Risks
#advancedRoboticD | reason=Low Confidence
    [REJECTED] term=ABC | Trump ally, Brendan Carr wants to control the media to satisfy Trump. It is a 'chiling message' with the ABC license rev | reason=Low Confidence
    [REJECTED] term=Satellite | Satellite companies could get an extra $6.3 billion for clearing the band quickly | reason=Low Confidence
    [REJECTED] term=ABC | Ex - FCC officials warn agency sending  chilling message  with ABC license review | Trump administration | reason=Low Confidence
    [REJECTED] term=ABC | Brendan Carr Lobs More Empty Threats At ABC For Not Airing Trump’s Election Fraud Lies
https://www.techdirt.com/2026/07/ | reason=Low Confidence
    [REJECTED] term=Spectrum | Upper C-band auction offers another lift for GEO industry

TAMPA, Fla. — Satellite operators have welcomed the prospect | reason=Low Confidence
    [REJECTED] term=Satellite | Amazon Leo proposes satellite constellation for direct - to - phone service | reason=Low Confidence
    [REJECTED] term=AT&T | [CSPAN2] Book TV: not allowed to own stocks that are regulated by the federal communications commi... | reason=Low Confidence
    [REJECTED] term=AT&T | [CSPAN2] Author Discussion on Journalism: not allowed to own stocks that are regulated by the federal communications commi... | reason=Low Confidence
    [REJECTED] term=AT&T | [CSPAN2] Author Discussion on Journalism: that. and the idea was my my dad worked for the federal communications commissio... | reason=Low Confidence
    [REJECTED] term=Foreign Ownership | [CSPAN2] U.S. Senate U.S. Senate: -- an act to direct the federal communications commission to publish a list of e... | reason=Low Confidence
    [REJECTED] term=Satellite | [FOX Business] Cavuto Coast to Coast: people couldn't make cell phone calls to say nothing of electricity but looks li... | reason=Low Confidence

SECTION 4 — COVERAGE GAP
  Coverage gaps flagged: 150
    - Rural Carriers Appeal FCC for Deadline Relief | provider=RSS | why=Surfaced by a single provider (would be missed without it)
    - FCC Approves SoftBank’s Acquisition of Regional ISP WideOpenWest! | provider=RSS | why=Surfaced by a single provider (would be missed without it)
    - FCC to Migrate Subs Off Major Lifeline Provider | provider=RSS | why=Surfaced by a single provider (would be missed without it)
    - Japan’s SoftBank Gains FCC Approval to Acquire Regional ISP WideOpenWest | provider=RSS | why=Surfaced by a single provider (would be missed without it)
    - July 27, 2026: California’s final BEAD proposal, FCC policy moves, and more | provider=RSS | why=Surfaced by a single provider (would be missed without it)
    - TV Rule Thaw Prompts NAB To Make Radio’s Case To FCC | provider=RSS | why=Surfaced by a single provider (would be missed without it)
    - Court Rules FCC, Not Local Medical Boards, Have Final Say in RF Emissions | provider=RSS | why=Surfaced by a single provider (would be missed without it)
    - EchoStar, AT&T Close $23 Billion Spectrum Sale | provider=RSS | why=Surfaced by a single provider (would be missed without it)
    - Airline Rebates Could Reach $5.7 Billion After Upper C-Band Auction | provider=RSS | why=Surfaced by a single provider (would be missed without it)
    - Taiwan Opens Door to Foreign Satellite Providers | provider=RSS | why=Surfaced by a single provider (would be missed without it)
    - SpaceX Logs Thirteenth Starship Launch, First Starlink V3 Test | provider=RSS | why=Surfaced by a single provider (would be missed without it)
    - Tower Unanimously Rejected For Proximity to Historic Literary Site | provider=RSS | why=Surfaced by a single provider (would be missed without it)
    - Cumulus Gains Approval to Extend Chapter 11 Filing Deadline | provider=RSS | why=Surfaced by a single provider (would be missed without it)
    - CTIA Wants Supreme Court to Again Review Decisions Upholding Carrier Fines | provider=RSS | why=Surfaced by a single provider (would be missed without it)
    - Bipartisan Bill Introduced to Combat School Cyber Attacks | provider=RSS | why=Surfaced by a single provider (would be missed without it)
    - Broadband Providers Praise Some State Pole Attachment Models, Argue Others Fall Behind | provider=RSS | why=Surfaced by a single provider (would be missed without it)
    - Swyft Fiber acquires portions of Fastwyre’s fiber network in three southern states | provider=RSS | why=Surfaced by a single provider (would be missed without it)
    - July 28, 2026: Beyond the Blueprint: The Real Story of Network Builds | provider=RSS | why=Surfaced by a single provider (would be missed without it)
    - Major U.K. ISP Calls for End to U.K.’s Net Neutrality Rules | provider=RSS | why=Surfaced by a single provider (would be missed without it)
    - GAO Flags BEAD as Vulnerable to Fraud | provider=RSS | why=Surfaced by a single provider (would be missed without it)
    - Ookla: Geographic Location Impacts Cloud Responsiveness | provider=RSS | why=Surfaced by a single provider (would be missed without it)
    - West Virginia PSC Approves Broadband Pole Attachment Agreement | provider=RSS | why=Surfaced by a single provider (would be missed without it)
    - When It Comes to Silencing Stations, Tower Leases Loom Large | provider=RSS | why=Surfaced by a single provider (would be missed without it)
    - Eiffel Tower Transmitter Site Undergoes Annual Maintenance | provider=RSS | why=Surfaced by a single provider (would be missed without it)
    - The Pavek Museum Celebrates Edwin H. Armstrong | provider=RSS | why=Surfaced by a single provider (would be missed without it)
    - The Agentic Network — Cisco on the platform path to agentic operations | provider=RSS | why=Surfaced by a single provider (would be missed without it)
    - Quantum networking progresses on New Mexico’s ABQ-Net | provider=RSS | why=Surfaced by a single provider (would be missed without it)
    - Brightspeed launches installation guarantee for fiber customers | provider=RSS | why=Surfaced by a single provider (would be missed without it)
    - Cloud latency for AI hinges on fiber routes: Ookla analysis | provider=RSS | why=Surfaced by a single provider (would be missed without it)
    - NAB Marconi Radio Award Finalists For 2026 Are Unveiled | provider=RSS | why=Surfaced by a single provider (would be missed without it)
    - Apple tops Nvidia as world’s most valuable company | provider=RSS | why=Surfaced by a single provider (would be missed without it)
    - Learfield and Adventure 33 Team Up for Prism | provider=RSS | why=Surfaced by a single provider (would be missed without it)
    - Taming Diversity Delay and Packet Loss in Single-Frequency Networks | provider=RSS | why=Surfaced by a single provider (would be missed without it)
    - Nielsen Spring & June 2026 Ratings Releases 7/28 | provider=RSS | why=Surfaced by a single provider (would be missed without it)
    - Private 5G – hype, hope, and (some) hard maths | provider=RSS | why=Surfaced by a single provider (would be missed without it)
    - Network agents are “ready” for commercial use, but are telcos? (Analyst Angle) | provider=RSS | why=Surfaced by a single provider (would be missed without it)
    - Hey, Radio: You Beat Spotify and Pandora | provider=RSS | why=Surfaced by a single provider (would be missed without it)
    - GKB Brews Up A Badgers Pact For Milwaukee Radio Duo | provider=RSS | why=Surfaced by a single provider (would be missed without it)
    - Broadcast’s May Drought? Nielsen Gauge Spotlights Streaming | provider=RSS | why=Surfaced by a single provider (would be missed without it)
    - Stung: Calgary FM Acquisition Closes For Stingray | provider=RSS | why=Surfaced by a single provider (would be missed without it)
    - Warshaw Tweaks Soros Suit With New Strategic Details | provider=RSS | why=Surfaced by a single provider (would be missed without it)
    - Powers Of Control: An Omission Leads To Transfer of Control Tweak | provider=RSS | why=Surfaced by a single provider (would be missed without it)
    - A Big Western Canada QUU For Pattison | provider=RSS | why=Surfaced by a single provider (would be missed without it)
    - SSL Selects Algam EKO For Italy Console Distribution | provider=RSS | why=Surfaced by a single provider (would be missed without it)
    - Pattison Media Branches Into Visual Radio With Quu | provider=RSS | why=Surfaced by a single provider (would be missed without it)
    - Little Rock's Sports Animal Shuts Down | provider=RSS | why=Surfaced by a single provider (would be missed without it)
    - 2026 Marconi Award Finalists | provider=RSS | why=Surfaced by a single provider (would be missed without it)
    - The Enduring Songs That (Some) People Despise | provider=RSS | why=Surfaced by a single provider (would be missed without it)
    - Verizon strikes $1bn DCI deal with Google; AI cloud and edge sales to ramp in 2027 | provider=RSS | why=Surfaced by a single provider (would be missed without it)
    - SK Telecom launches dedicated AI infra company | provider=RSS | why=Surfaced by a single provider (would be missed without it)
    - Hollow-core fiber won’t hit cost parity for a decade – regarding HKT’s 3.2Tbps DCI ‘superhighway’ | provider=RSS | why=Surfaced by a single provider (would be missed without it)
    - Friday (telco diary) | The AI penny-drop for telcos | provider=RSS | why=Surfaced by a single provider (would be missed without it)
    - NTIA Launches Global “Call to Action for 6G Leadership and Security” | provider=RSS | why=Surfaced by a single provider (would be missed without it)
    - GCI enhances mobile network in Alaska | provider=RSS | why=Surfaced by a single provider (would be missed without it)
    - NTIA creates international team for 6G development | provider=RSS | why=Surfaced by a single provider (would be missed without it)
    - Verizon signs $1B dark fiber deal with Google | provider=RSS | why=Surfaced by a single provider (would be missed without it)
    - Wire 3 announces expansion plans to Jacksonville, Florida | provider=RSS | why=Surfaced by a single provider (would be missed without it)
    - How all 50 states are approaching data centers: Open arms, regulations, and more | provider=RSS | why=Surfaced by a single provider (would be missed without it)
    - TNDV Powers Broadcast of Ares Pickleball Slam 4 | provider=RSS | why=Surfaced by a single provider (would be missed without it)
    - A Focus on Affiliate Operations Leads To ARC | provider=RSS | why=Surfaced by a single provider (would be missed without it)
    - John Fredericks Doubles Up In Music City USA | provider=RSS | why=Surfaced by a single provider (would be missed without it)
    - Minnesota prediction market ban paused by federal judge days before rollout | provider=RSS | why=Surfaced by a single provider (would be missed without it)
    - Benedict Cumberbatch, Alan Cumming and Benedict Wong urge UK to take action against Paramount-Warner Bros. merger | provider=RSS | why=Surfaced by a single provider (would be missed without it)
    - Watch live: Senate Democrats hold forum on Trump crypto investments | provider=RSS | why=Surfaced by a single provider (would be missed without it)
    - Crypto bill faces Democratic backlash over new ethics rules | provider=RSS | why=Surfaced by a single provider (would be missed without it)
    - Tow Foundation Awards PMVG $400,000 Grant to Advance Public Media Shared Infrastructure | provider=RSS | why=Surfaced by a single provider (would be missed without it)
    - Why Kopitz Thinks FM Will Remain Leading Form of Radio | provider=RSS | why=Surfaced by a single provider (would be missed without it)
    - The Tallest Towers in Czechia Are Facing Demolition | provider=RSS | why=Surfaced by a single provider (would be missed without it)
    - A-T Offers a Plug-in for Elgato Stream Deck | provider=RSS | why=Surfaced by a single provider (would be missed without it)
    - SBE Chapter 37 Opens Registration for AntennaFest 2026 | provider=RSS | why=Surfaced by a single provider (would be missed without it)
    - FAA Approves Rule to Protect Aircraft from 5G Interference | provider=RSS | why=Surfaced by a single provider (would be missed without it)
    - Nielsen Spring & June 2026 Ratings Releases 7/27 | provider=RSS | why=Surfaced by a single provider (would be missed without it)
    - WDUV Morning Host Ann Kelly To Retire | provider=RSS | why=Surfaced by a single provider (would be missed without it)
    - David & Meredith Expand To Mix 99.5 Greensboro | provider=RSS | why=Surfaced by a single provider (would be missed without it)
    - The Hot Format Worldwide Is … Triple-A | provider=RSS | why=Surfaced by a single provider (would be missed without it)
    - Nvidia launches new open-source AI security alliance | provider=RSS | why=Surfaced by a single provider (would be missed without it)
    - [Federal Register] Sunshine Act Meeting; Open Commission Meeting Wednesday, July 22, 2026 | provider=Federal Register | why=Surfaced by a single provider (would be missed without it)
    - [Federal Register] Information Collection Being Reviewed by the Federal Communications Commission | provider=Federal Register | why=Surfaced by a single provider (would be missed without it)
    - Telesat Prepares Upper C-band Transition Plan Following FCC Spectrum Order Approval - The Fast Mode | provider=RSS | why=Surfaced by a single provider (would be missed without it)
    - The US FCC bans importing Chinese humanoid robots and power inverters to protect the US AI buildout from national security threats and to reshore key industries | provider=RSS | why=Surfaced by a single provider (would be missed without it)
    - 13 Former FCC Officials Blast Agency For ‘Threatening’ Free Speech | provider=RSS | why=Surfaced by a single provider (would be missed without it)
    - FCC Chairman Brendan Carr’s war on the First Amendment - The Verge | provider=RSS | why=Surfaced by a single provider (would be missed without it)
    - Former FCC Chairs Urge Brendan Carr to End ABC Broadcast License Review: 'An Assault on Free Speech Disguised as Regulatory Process' - TheWrap | provider=RSS | why=Surfaced by a single provider (would be missed without it)
    - Former FCC Chairs Call Review Of ABC Licenses "An Assault On Free Speech" - Deadline | provider=RSS | why=Surfaced by a single provider (would be missed without it)
    - FCC Chairman Carr Threatens ABC License Review Over Trump Address - National Coalition Against Censorship | provider=RSS | why=Surfaced by a single provider (would be missed without it)
    - FCC Chair Proposes Comprehensive Review of Universal Service Fund Administration - The Presidential Prayer Team | provider=RSS | why=Surfaced by a single provider (would be missed without it)
    - SpaceX won't buy a telco. Musk will buy the spectrum and build one himself | provider=RSS | why=Surfaced by a single provider (would be missed without it)
    - FCC to Migrate Subs Off Major Lifeline Provider - Broadband Breakfast | provider=RSS | why=Surfaced by a single provider (would be missed without it)
    - FCC Streamlines Broadband Label Rules, Easing Compliance Burdens for Providers - The National Law Review | provider=RSS | why=Surfaced by a single provider (would be missed without it)
    - Rural Carriers Appeal FCC for Deadline Relief - Broadband Breakfast | provider=RSS | why=Surfaced by a single provider (would be missed without it)
    - FCC Approves Upper C-Band Plan to Expand 5G Spectrum - ExecutiveGov | provider=RSS | why=Surfaced by a single provider (would be missed without it)
    - FCC tightens rules on foreign tech components - Broadband Communities | provider=RSS | why=Surfaced by a single provider (would be missed without it)
    - SES, Eutelsat to net $6.1B in FCC incentive payments | provider=RSS | why=Surfaced by a single provider (would be missed without it)
    - FCC Approves Upper C-Band Order, Allocating $5.6 Billion to SES and $504 Million to Eutelsat - satnews.com | provider=RSS | why=Surfaced by a single provider (would be missed without it)
    - FCC Approves Massive Modernization of Satellite Licensing Regime - Inside Global Tech | provider=RSS | why=Surfaced by a single provider (would be missed without it)
    - Amazon Asks FCC to Approve 5,105 Satellites for Direct-to-Mobile Service - Technology Org | provider=RSS | why=Surfaced by a single provider (would be missed without it)
    - Trump admin exempts SpaceX's Starlink from FCC ban on foreign-made routers | provider=RSS | why=Surfaced by a single provider (would be missed without it)
    - SES Statement On FCC Upper C-band Auction Decision - SES Satellite | provider=RSS | why=Surfaced by a single provider (would be missed without it)
    - Trump admin exempts SpaceX’s Starlink from FCC ban on foreign-made routers - Ars Technica | provider=RSS | why=Surfaced by a single provider (would be missed without it)
    - La FCC offre 6,1 milliards de compensations à SES et Eutelsat | provider=RSS | why=Surfaced by a single provider (would be missed without it)
    - FCC exempts new Starlink devices from router ban | provider=RSS | why=Surfaced by a single provider (would be missed without it)
    - FCC blocks new foreign-made power inverters and advanced robots over national security risks - Fox Business | provider=RSS | why=Surfaced by a single provider (would be missed without it)
    - FCC blocks approval of new foreign-made robots, power inverters - Nextgov/FCW | provider=RSS | why=Surfaced by a single provider (would be missed without it)
    - FCC bans foreign-produced solar inverters, grid lockout begins today - pv magazine USA | provider=RSS | why=Surfaced by a single provider (would be missed without it)
    - FCC bans foreign humanoid robots, expanding campaign against Chinese tech - The Washington Post | provider=RSS | why=Surfaced by a single provider (would be missed without it)
    - FCC Blocks New Robot and Power Inverter Imports Over Security Risks - PYMNTS.com | provider=RSS | why=Surfaced by a single provider (would be missed without it)
    - AG Jackley joins nationwide push for tougher FCC rules to stop robocalls, scam texts - KOTA Territory News | provider=RSS | why=Surfaced by a single provider (would be missed without it)
    - FCC bans humanoid robots from China, citing ‘unacceptable risks’ - The Guardian | provider=RSS | why=Surfaced by a single provider (would be missed without it)
    - All 50 attorneys general urge FCC to crack down on robocalls - KWWL | provider=RSS | why=Surfaced by a single provider (would be missed without it)
    - Minnesota joins 50-state coalition urging FCC to block illegal robocalls - 5 EYEWITNESS NEWS | provider=RSS | why=Surfaced by a single provider (would be missed without it)
    - FCC Urged To Tighten Robocall Controls - News Radio 1190 KEX | provider=RSS | why=Surfaced by a single provider (would be missed without it)
    - Information Collection Being Reviewed by the Federal Communications Commission | provider=RSS | why=Surfaced by a single provider (would be missed without it)
    - FCC Pulls Major Provider From Lifeline, Citing Violations - Law360 | provider=RSS | why=Surfaced by a single provider (would be missed without it)
    - FCC Slammed by Former Agency Officials Over Review of ABC's Licenses: 'An Assault on Free Speech Disguised as Regulatory Process' - Variety | provider=RSS | why=Surfaced by a single provider (would be missed without it)
    - Ex-FCC officials warn agency sending ‘chilling message’ with ABC license review - The Guardian | provider=RSS | why=Surfaced by a single provider (would be missed without it)
    - Former FCC officials oppose early review of Disney-owned ABC licenses - Reuters | provider=RSS | why=Surfaced by a single provider (would be missed without it)
    - NC Attorney General Jeff Jackson calls on FCC to crack down on robocalls - ABC11 News | provider=RSS | why=Surfaced by a single provider (would be missed without it)
    - 13 Former FCC Officials Blast Agency for `Threatening’ Free Speech - TVTechnology | provider=RSS | why=Surfaced by a single provider (would be missed without it)
    - Bipartisan ex-FCC officials are calling the early ABC license review an attack on free speech - qz.com | provider=RSS | why=Surfaced by a single provider (would be missed without it)
    - Former FCC officials blast agency’s targeting of ABC | provider=RSS | why=Surfaced by a single provider (would be missed without it)
    - Stronger FCC rules could curb robocall scams after $2B in losses nationwide - WCTI | provider=RSS | why=Surfaced by a single provider (would be missed without it)
    - McCuskey urges FCC to strengthen rules aimed at stopping illegal robocalls - WV News | provider=RSS | why=Surfaced by a single provider (would be missed without it)
    - Former FCC leaders slam agency probe into ABC - USA Today | provider=RSS | why=Surfaced by a single provider (would be missed without it)
    - Former FCC officials blast agency’s targeting of ABC - TheDesk.net | provider=RSS | why=Surfaced by a single provider (would be missed without it)
    - Former FCC Officials Call Disney-Owned Early License Review 'an Assault on Free Speech' - WDW News Today | provider=RSS | why=Surfaced by a single provider (would be missed without it)
    - FCC bans IM Telecom from enrolling new Lifeline customers - Light Reading | provider=RSS | why=Surfaced by a single provider (would be missed without it)
    - Pulling the 39% Thread: Why the FCC Must Fix More Than the Broadcast Cap | provider=RSS | why=Surfaced by a single provider (would be missed without it)
    - FCC bans IM Telecom from enrolling new Lifeline customers | provider=RSS | why=Surfaced by a single provider (would be missed without it)
    - Information Collections Being Reviewed by the Federal Communications Commission Under Delegated Authority | provider=RSS | why=Surfaced by a single provider (would be missed without it)
    - Review of Submarine Cable Landing License Rules and Procedures To Assess Evolving National Security, Law Enforcement, Foreign Policy, and Trade Policy Risks | provider=RSS | why=Surfaced by a single provider (would be missed without it)
    - FCC Upper C-band move could bring $5.6B incentives to SES (SGBAF) - Stock Titan | provider=RSS | why=Surfaced by a single provider (would be missed without it)
    - FCC explains C-band incentives - Advanced Television | provider=RSS | why=Surfaced by a single provider (would be missed without it)
    - Two more drones escape FCC foreign drone ban - DroneDJ | provider=RSS | why=Surfaced by a single provider (would be missed without it)
    - Conservative Groups Urge FCC To Show Restraint in ABC Investigation - Reason Magazine | provider=RSS | why=Surfaced by a single provider (would be missed without it)
    - Starlink Routers Receive Conditional Approval and Exemption From FCC Covered List | provider=RSS | why=Surfaced by a single provider (would be missed without it)
    - The Airwaves Are Going on Sale Again. But Does the FCC Have the Right Goal? - R Street Institute | provider=RSS | why=Surfaced by a single provider (would be missed without it)
    - New FCC Language Reveals Next Phase of Trusted Drone Policy - Dronelife | provider=RSS | why=Surfaced by a single provider (would be missed without it)
    - Kevin Mullin leads fight for local TV station license as FCC reviews ABC broadcast licenses, including KGO-TV - San Mateo Daily Journal | provider=RSS | why=Surfaced by a single provider (would be missed without it)
    - Padilla, Schiff Object to Trump FCC Attack on Freedom of Speech and Freedom of the Press, Demand Renewal of Broadcast Licenses for ABC-owned Television Stations | provider=RSS | why=Surfaced by a single provider (would be missed without it)
    - Fact Check: FCC Did NOT Fine NBC, ABC $25 Million For Not Carrying President Trump's Speech, Or CBS $10 Million For Not Airing It In Its Entirety - Yahoo | provider=RSS | why=Surfaced by a single provider (would be missed without it)
    - SES Statement On FCC Upper C-band Auction Decision - The AI Journal | provider=RSS | why=Surfaced by a single provider (would be missed without it)
    - STI-GA Selects Numeracle to Develop Global Vetting Framework for Cross-Border STIR/SHAKEN | provider=RSS | why=Surfaced by a single provider (would be missed without it)
    - Amazon Leo readies 5K satellites for D2D plan | provider=RSS | why=Surfaced by a single provider (would be missed without it)
    - The US is banning foreign robots | provider=RSS | why=Surfaced by a single provider (would be missed without it)
    - Information Collection Being Submitted for Review and Approval to Office of Management and Budget | provider=RSS | why=Surfaced by a single provider (would be missed without it)
    - United States Bans Chinese Humanoid & Quadruped Robots, Citing National Security | provider=RSS | why=Surfaced by a single provider (would be missed without it)
    - "A group of former FCC chairs and top agency officials of both parties are calling on current chairman Brendan Carr to e | provider=BlueSky | why=Surfaced by a single provider (would be missed without it)
    - Variety

A group of former FCC officials are accusing Chairman Brendan Carr of trying to “censor Disney and ABC’s speech | provider=BlueSky | why=Surfaced by a single provider (would be missed without it)
    - 𝗙𝗖𝗖 𝘃𝗼𝘁𝗲𝘀 𝗼𝗻 𝟭𝟲𝟬𝗠𝗛𝘇 𝗨𝗽𝗽𝗲𝗿 𝗖-𝗕𝗮𝗻𝗱 𝗮𝘂𝗰𝘁𝗶𝗼𝗻 𝗳𝗼𝗿 𝟱𝗚 𝗮𝗻𝗱 𝟲𝗚
The FCC will vote Wednesday to auction 160 megahertz of Upper C-B | provider=BlueSky | why=Surfaced by a single provider (would be missed without it)
    - Several former top officials at the Federal Communications Commission called on FCC Chair Brendan Carr on Tuesday to aba | provider=BlueSky | why=Surfaced by a single provider (would be missed without it)

SECTION 5 — EDITORIAL QUEUE (requires human review)
  Items requiring review: 150
    - Rural Carriers Appeal FCC for Deadline Relief | Surfaced by a single provider (would be missed without it)
    - FCC Approves SoftBank’s Acquisition of Regional ISP WideOpenWest! | Surfaced by a single provider (would be missed without it)
    - FCC to Migrate Subs Off Major Lifeline Provider | Surfaced by a single provider (would be missed without it)
    - Japan’s SoftBank Gains FCC Approval to Acquire Regional ISP WideOpenWest | Surfaced by a single provider (would be missed without it)
    - July 27, 2026: California’s final BEAD proposal, FCC policy moves, and more | Surfaced by a single provider (would be missed without it)
    - TV Rule Thaw Prompts NAB To Make Radio’s Case To FCC | Surfaced by a single provider (would be missed without it)
    - Court Rules FCC, Not Local Medical Boards, Have Final Say in RF Emissions | Surfaced by a single provider (would be missed without it)
    - EchoStar, AT&T Close $23 Billion Spectrum Sale | Surfaced by a single provider (would be missed without it)
    - Airline Rebates Could Reach $5.7 Billion After Upper C-Band Auction | Surfaced by a single provider (would be missed without it)
    - Taiwan Opens Door to Foreign Satellite Providers | Surfaced by a single provider (would be missed without it)
    - SpaceX Logs Thirteenth Starship Launch, First Starlink V3 Test | Surfaced by a single provider (would be missed without it)
    - Tower Unanimously Rejected For Proximity to Historic Literary Site | Surfaced by a single provider (would be missed without it)
    - Cumulus Gains Approval to Extend Chapter 11 Filing Deadline | Surfaced by a single provider (would be missed without it)
    - CTIA Wants Supreme Court to Again Review Decisions Upholding Carrier Fines | Surfaced by a single provider (would be missed without it)
    - Bipartisan Bill Introduced to Combat School Cyber Attacks | Surfaced by a single provider (would be missed without it)
    - Broadband Providers Praise Some State Pole Attachment Models, Argue Others Fall Behind | Surfaced by a single provider (would be missed without it)
    - Swyft Fiber acquires portions of Fastwyre’s fiber network in three southern states | Surfaced by a single provider (would be missed without it)
    - July 28, 2026: Beyond the Blueprint: The Real Story of Network Builds | Surfaced by a single provider (would be missed without it)
    - Major U.K. ISP Calls for End to U.K.’s Net Neutrality Rules | Surfaced by a single provider (would be missed without it)
    - GAO Flags BEAD as Vulnerable to Fraud | Surfaced by a single provider (would be missed without it)
    - Ookla: Geographic Location Impacts Cloud Responsiveness | Surfaced by a single provider (would be missed without it)
    - West Virginia PSC Approves Broadband Pole Attachment Agreement | Surfaced by a single provider (would be missed without it)
    - When It Comes to Silencing Stations, Tower Leases Loom Large | Surfaced by a single provider (would be missed without it)
    - Eiffel Tower Transmitter Site Undergoes Annual Maintenance | Surfaced by a single provider (would be missed without it)
    - The Pavek Museum Celebrates Edwin H. Armstrong | Surfaced by a single provider (would be missed without it)
    - The Agentic Network — Cisco on the platform path to agentic operations | Surfaced by a single provider (would be missed without it)
    - Quantum networking progresses on New Mexico’s ABQ-Net | Surfaced by a single provider (would be missed without it)
    - Brightspeed launches installation guarantee for fiber customers | Surfaced by a single provider (would be missed without it)
    - Cloud latency for AI hinges on fiber routes: Ookla analysis | Surfaced by a single provider (would be missed without it)
    - NAB Marconi Radio Award Finalists For 2026 Are Unveiled | Surfaced by a single provider (would be missed without it)
    - Apple tops Nvidia as world’s most valuable company | Surfaced by a single provider (would be missed without it)
    - Learfield and Adventure 33 Team Up for Prism | Surfaced by a single provider (would be missed without it)
    - Taming Diversity Delay and Packet Loss in Single-Frequency Networks | Surfaced by a single provider (would be missed without it)
    - Nielsen Spring & June 2026 Ratings Releases 7/28 | Surfaced by a single provider (would be missed without it)
    - Private 5G – hype, hope, and (some) hard maths | Surfaced by a single provider (would be missed without it)
    - Network agents are “ready” for commercial use, but are telcos? (Analyst Angle) | Surfaced by a single provider (would be missed without it)
    - Hey, Radio: You Beat Spotify and Pandora | Surfaced by a single provider (would be missed without it)
    - GKB Brews Up A Badgers Pact For Milwaukee Radio Duo | Surfaced by a single provider (would be missed without it)
    - Broadcast’s May Drought? Nielsen Gauge Spotlights Streaming | Surfaced by a single provider (would be missed without it)
    - Stung: Calgary FM Acquisition Closes For Stingray | Surfaced by a single provider (would be missed without it)
    - Warshaw Tweaks Soros Suit With New Strategic Details | Surfaced by a single provider (would be missed without it)
    - Powers Of Control: An Omission Leads To Transfer of Control Tweak | Surfaced by a single provider (would be missed without it)
    - A Big Western Canada QUU For Pattison | Surfaced by a single provider (would be missed without it)
    - SSL Selects Algam EKO For Italy Console Distribution | Surfaced by a single provider (would be missed without it)
    - Pattison Media Branches Into Visual Radio With Quu | Surfaced by a single provider (would be missed without it)
    - Little Rock's Sports Animal Shuts Down | Surfaced by a single provider (would be missed without it)
    - 2026 Marconi Award Finalists | Surfaced by a single provider (would be missed without it)
    - The Enduring Songs That (Some) People Despise | Surfaced by a single provider (would be missed without it)
    - Verizon strikes $1bn DCI deal with Google; AI cloud and edge sales to ramp in 2027 | Surfaced by a single provider (would be missed without it)
    - SK Telecom launches dedicated AI infra company | Surfaced by a single provider (would be missed without it)
    - Hollow-core fiber won’t hit cost parity for a decade – regarding HKT’s 3.2Tbps DCI ‘superhighway’ | Surfaced by a single provider (would be missed without it)
    - Friday (telco diary) | The AI penny-drop for telcos | Surfaced by a single provider (would be missed without it)
    - NTIA Launches Global “Call to Action for 6G Leadership and Security” | Surfaced by a single provider (would be missed without it)
    - GCI enhances mobile network in Alaska | Surfaced by a single provider (would be missed without it)
    - NTIA creates international team for 6G development | Surfaced by a single provider (would be missed without it)
    - Verizon signs $1B dark fiber deal with Google | Surfaced by a single provider (would be missed without it)
    - Wire 3 announces expansion plans to Jacksonville, Florida | Surfaced by a single provider (would be missed without it)
    - How all 50 states are approaching data centers: Open arms, regulations, and more | Surfaced by a single provider (would be missed without it)
    - TNDV Powers Broadcast of Ares Pickleball Slam 4 | Surfaced by a single provider (would be missed without it)
    - A Focus on Affiliate Operations Leads To ARC | Surfaced by a single provider (would be missed without it)
    - John Fredericks Doubles Up In Music City USA | Surfaced by a single provider (would be missed without it)
    - Minnesota prediction market ban paused by federal judge days before rollout | Surfaced by a single provider (would be missed without it)
    - Benedict Cumberbatch, Alan Cumming and Benedict Wong urge UK to take action against Paramount-Warner Bros. merger | Surfaced by a single provider (would be missed without it)
    - Watch live: Senate Democrats hold forum on Trump crypto investments | Surfaced by a single provider (would be missed without it)
    - Crypto bill faces Democratic backlash over new ethics rules | Surfaced by a single provider (would be missed without it)
    - Tow Foundation Awards PMVG $400,000 Grant to Advance Public Media Shared Infrastructure | Surfaced by a single provider (would be missed without it)
    - Why Kopitz Thinks FM Will Remain Leading Form of Radio | Surfaced by a single provider (would be missed without it)
    - The Tallest Towers in Czechia Are Facing Demolition | Surfaced by a single provider (would be missed without it)
    - A-T Offers a Plug-in for Elgato Stream Deck | Surfaced by a single provider (would be missed without it)
    - SBE Chapter 37 Opens Registration for AntennaFest 2026 | Surfaced by a single provider (would be missed without it)
    - FAA Approves Rule to Protect Aircraft from 5G Interference | Surfaced by a single provider (would be missed without it)
    - Nielsen Spring & June 2026 Ratings Releases 7/27 | Surfaced by a single provider (would be missed without it)
    - WDUV Morning Host Ann Kelly To Retire | Surfaced by a single provider (would be missed without it)
    - David & Meredith Expand To Mix 99.5 Greensboro | Surfaced by a single provider (would be missed without it)
    - The Hot Format Worldwide Is … Triple-A | Surfaced by a single provider (would be missed without it)
    - Nvidia launches new open-source AI security alliance | Surfaced by a single provider (would be missed without it)
    - [Federal Register] Sunshine Act Meeting; Open Commission Meeting Wednesday, July 22, 2026 | Surfaced by a single provider (would be missed without it)
    - [Federal Register] Information Collection Being Reviewed by the Federal Communications Commission | Surfaced by a single provider (would be missed without it)
    - Telesat Prepares Upper C-band Transition Plan Following FCC Spectrum Order Approval - The Fast Mode | Surfaced by a single provider (would be missed without it)
    - The US FCC bans importing Chinese humanoid robots and power inverters to protect the US AI buildout from national security threats and to reshore key industries | Surfaced by a single provider (would be missed without it)
    - 13 Former FCC Officials Blast Agency For ‘Threatening’ Free Speech | Surfaced by a single provider (would be missed without it)
    - FCC Chairman Brendan Carr’s war on the First Amendment - The Verge | Surfaced by a single provider (would be missed without it)
    - Former FCC Chairs Urge Brendan Carr to End ABC Broadcast License Review: 'An Assault on Free Speech Disguised as Regulatory Process' - TheWrap | Surfaced by a single provider (would be missed without it)
    - Former FCC Chairs Call Review Of ABC Licenses "An Assault On Free Speech" - Deadline | Surfaced by a single provider (would be missed without it)
    - FCC Chairman Carr Threatens ABC License Review Over Trump Address - National Coalition Against Censorship | Surfaced by a single provider (would be missed without it)
    - FCC Chair Proposes Comprehensive Review of Universal Service Fund Administration - The Presidential Prayer Team | Surfaced by a single provider (would be missed without it)
    - SpaceX won't buy a telco. Musk will buy the spectrum and build one himself | Surfaced by a single provider (would be missed without it)
    - FCC to Migrate Subs Off Major Lifeline Provider - Broadband Breakfast | Surfaced by a single provider (would be missed without it)
    - FCC Streamlines Broadband Label Rules, Easing Compliance Burdens for Providers - The National Law Review | Surfaced by a single provider (would be missed without it)
    - Rural Carriers Appeal FCC for Deadline Relief - Broadband Breakfast | Surfaced by a single provider (would be missed without it)
    - FCC Approves Upper C-Band Plan to Expand 5G Spectrum - ExecutiveGov | Surfaced by a single provider (would be missed without it)
    - FCC tightens rules on foreign tech components - Broadband Communities | Surfaced by a single provider (would be missed without it)
    - SES, Eutelsat to net $6.1B in FCC incentive payments | Surfaced by a single provider (would be missed without it)
    - FCC Approves Upper C-Band Order, Allocating $5.6 Billion to SES and $504 Million to Eutelsat - satnews.com | Surfaced by a single provider (would be missed without it)
    - FCC Approves Massive Modernization of Satellite Licensing Regime - Inside Global Tech | Surfaced by a single provider (would be missed without it)
    - Amazon Asks FCC to Approve 5,105 Satellites for Direct-to-Mobile Service - Technology Org | Surfaced by a single provider (would be missed without it)
    - Trump admin exempts SpaceX's Starlink from FCC ban on foreign-made routers | Surfaced by a single provider (would be missed without it)
    - SES Statement On FCC Upper C-band Auction Decision - SES Satellite | Surfaced by a single provider (would be missed without it)
    - Trump admin exempts SpaceX’s Starlink from FCC ban on foreign-made routers - Ars Technica | Surfaced by a single provider (would be missed without it)
    - La FCC offre 6,1 milliards de compensations à SES et Eutelsat | Surfaced by a single provider (would be missed without it)
    - FCC exempts new Starlink devices from router ban | Surfaced by a single provider (would be missed without it)
    - FCC blocks new foreign-made power inverters and advanced robots over national security risks - Fox Business | Surfaced by a single provider (would be missed without it)
    - FCC blocks approval of new foreign-made robots, power inverters - Nextgov/FCW | Surfaced by a single provider (would be missed without it)
    - FCC bans foreign-produced solar inverters, grid lockout begins today - pv magazine USA | Surfaced by a single provider (would be missed without it)
    - FCC bans foreign humanoid robots, expanding campaign against Chinese tech - The Washington Post | Surfaced by a single provider (would be missed without it)
    - FCC Blocks New Robot and Power Inverter Imports Over Security Risks - PYMNTS.com | Surfaced by a single provider (would be missed without it)
    - AG Jackley joins nationwide push for tougher FCC rules to stop robocalls, scam texts - KOTA Territory News | Surfaced by a single provider (would be missed without it)
    - FCC bans humanoid robots from China, citing ‘unacceptable risks’ - The Guardian | Surfaced by a single provider (would be missed without it)
    - All 50 attorneys general urge FCC to crack down on robocalls - KWWL | Surfaced by a single provider (would be missed without it)
    - Minnesota joins 50-state coalition urging FCC to block illegal robocalls - 5 EYEWITNESS NEWS | Surfaced by a single provider (would be missed without it)
    - FCC Urged To Tighten Robocall Controls - News Radio 1190 KEX | Surfaced by a single provider (would be missed without it)
    - Information Collection Being Reviewed by the Federal Communications Commission | Surfaced by a single provider (would be missed without it)
    - FCC Pulls Major Provider From Lifeline, Citing Violations - Law360 | Surfaced by a single provider (would be missed without it)
    - FCC Slammed by Former Agency Officials Over Review of ABC's Licenses: 'An Assault on Free Speech Disguised as Regulatory Process' - Variety | Surfaced by a single provider (would be missed without it)
    - Ex-FCC officials warn agency sending ‘chilling message’ with ABC license review - The Guardian | Surfaced by a single provider (would be missed without it)
    - Former FCC officials oppose early review of Disney-owned ABC licenses - Reuters | Surfaced by a single provider (would be missed without it)
    - NC Attorney General Jeff Jackson calls on FCC to crack down on robocalls - ABC11 News | Surfaced by a single provider (would be missed without it)
    - 13 Former FCC Officials Blast Agency for `Threatening’ Free Speech - TVTechnology | Surfaced by a single provider (would be missed without it)
    - Bipartisan ex-FCC officials are calling the early ABC license review an attack on free speech - qz.com | Surfaced by a single provider (would be missed without it)
    - Former FCC officials blast agency’s targeting of ABC | Surfaced by a single provider (would be missed without it)
    - Stronger FCC rules could curb robocall scams after $2B in losses nationwide - WCTI | Surfaced by a single provider (would be missed without it)
    - McCuskey urges FCC to strengthen rules aimed at stopping illegal robocalls - WV News | Surfaced by a single provider (would be missed without it)
    - Former FCC leaders slam agency probe into ABC - USA Today | Surfaced by a single provider (would be missed without it)
    - Former FCC officials blast agency’s targeting of ABC - TheDesk.net | Surfaced by a single provider (would be missed without it)
    - Former FCC Officials Call Disney-Owned Early License Review 'an Assault on Free Speech' - WDW News Today | Surfaced by a single provider (would be missed without it)
    - FCC bans IM Telecom from enrolling new Lifeline customers - Light Reading | Surfaced by a single provider (would be missed without it)
    - Pulling the 39% Thread: Why the FCC Must Fix More Than the Broadcast Cap | Surfaced by a single provider (would be missed without it)
    - FCC bans IM Telecom from enrolling new Lifeline customers | Surfaced by a single provider (would be missed without it)
    - Information Collections Being Reviewed by the Federal Communications Commission Under Delegated Authority | Surfaced by a single provider (would be missed without it)
    - Review of Submarine Cable Landing License Rules and Procedures To Assess Evolving National Security, Law Enforcement, Foreign Policy, and Trade Policy Risks | Surfaced by a single provider (would be missed without it)
    - FCC Upper C-band move could bring $5.6B incentives to SES (SGBAF) - Stock Titan | Surfaced by a single provider (would be missed without it)
    - FCC explains C-band incentives - Advanced Television | Surfaced by a single provider (would be missed without it)
    - Two more drones escape FCC foreign drone ban - DroneDJ | Surfaced by a single provider (would be missed without it)
    - Conservative Groups Urge FCC To Show Restraint in ABC Investigation - Reason Magazine | Surfaced by a single provider (would be missed without it)
    - Starlink Routers Receive Conditional Approval and Exemption From FCC Covered List | Surfaced by a single provider (would be missed without it)
    - The Airwaves Are Going on Sale Again. But Does the FCC Have the Right Goal? - R Street Institute | Surfaced by a single provider (would be missed without it)
    - New FCC Language Reveals Next Phase of Trusted Drone Policy - Dronelife | Surfaced by a single provider (would be missed without it)
    - Kevin Mullin leads fight for local TV station license as FCC reviews ABC broadcast licenses, including KGO-TV - San Mateo Daily Journal | Surfaced by a single provider (would be missed without it)
    - Padilla, Schiff Object to Trump FCC Attack on Freedom of Speech and Freedom of the Press, Demand Renewal of Broadcast Licenses for ABC-owned Television Stations | Surfaced by a single provider (would be missed without it)
    - Fact Check: FCC Did NOT Fine NBC, ABC $25 Million For Not Carrying President Trump's Speech, Or CBS $10 Million For Not Airing It In Its Entirety - Yahoo | Surfaced by a single provider (would be missed without it)
    - SES Statement On FCC Upper C-band Auction Decision - The AI Journal | Surfaced by a single provider (would be missed without it)
    - STI-GA Selects Numeracle to Develop Global Vetting Framework for Cross-Border STIR/SHAKEN | Surfaced by a single provider (would be missed without it)
    - Amazon Leo readies 5K satellites for D2D plan | Surfaced by a single provider (would be missed without it)
    - The US is banning foreign robots | Surfaced by a single provider (would be missed without it)
    - Information Collection Being Submitted for Review and Approval to Office of Management and Budget | Surfaced by a single provider (would be missed without it)
    - United States Bans Chinese Humanoid & Quadruped Robots, Citing National Security | Surfaced by a single provider (would be missed without it)
    - "A group of former FCC chairs and top agency officials of both parties are calling on current chairman Brendan Carr to e | Surfaced by a single provider (would be missed without it)
    - Variety

A group of former FCC officials are accusing Chairman Brendan Carr of trying to “censor Disney and ABC’s speech | Surfaced by a single provider (would be missed without it)
    - 𝗙𝗖𝗖 𝘃𝗼𝘁𝗲𝘀 𝗼𝗻 𝟭𝟲𝟬𝗠𝗛𝘇 𝗨𝗽𝗽𝗲𝗿 𝗖-𝗕𝗮𝗻𝗱 𝗮𝘂𝗰𝘁𝗶𝗼𝗻 𝗳𝗼𝗿 𝟱𝗚 𝗮𝗻𝗱 𝟲𝗚
The FCC will vote Wednesday to auction 160 megahertz of Upper C-B | Surfaced by a single provider (would be missed without it)
    - Several former top officials at the Federal Communications Commission called on FCC Chair Brendan Carr on Tuesday to aba | Surfaced by a single provider (would be missed without it)

========================================================================
